 site

 Timestamp is 6399947d (Wed Dec 14 02:16:45 2022)

 Preferred load address is 0000000140000000

 Start         Length     Name                   Class
 0001:00000000 00008d60H .text$di                CODE
 0001:00008d60 0006c0b0H .text$mn                CODE
 0001:00074e10 00001040H .text$mn$00             CODE
 0001:00075e50 00001c36H .text$x                 CODE
 0002:00000000 00000110H .CRT$XCA                DATA
 0002:00000110 00000110H .CRT$XCAA               DATA
 0002:00000220 00000120H .CRT$XCU                DATA
 0002:00000340 00000110H .CRT$XCZ                DATA
 0002:00000450 00000110H .CRT$XIA                DATA
 0002:00000560 00000110H .CRT$XIAA               DATA
 0002:00000670 00000110H .CRT$XIAC               DATA
 0002:00000780 00000140H .CRT$XIC                DATA
 0002:000008c0 00000110H .CRT$XIZ                DATA
 0002:000009d0 00000110H .CRT$XPA                DATA
 0002:00000ae0 00000120H .CRT$XPX                DATA
 0002:00000c00 00000110H .CRT$XPXA               DATA
 0002:00000d10 00000110H .CRT$XPZ                DATA
 0002:00000e20 00000110H .CRT$XTA                DATA
 0002:00000f30 00000110H .CRT$XTZ                DATA
 0002:00001040 0000d8c0H .rdata                  DATA
 0002:0000e900 00000200H .rdata$CastGuardVftablesA DATA
 0002:0000eb00 000001a0H .rdata$CastGuardVftablesC DATA
 0002:0000eca0 0000060cH .rdata$r                DATA
 0002:0000f2ac 00000164H .rdata$zzzdbg           DATA
 0002:0000f410 00000110H .rtc$IAA                DATA
 0002:0000f520 00000110H .rtc$IZZ                DATA
 0002:0000f630 00000110H .rtc$TAA                DATA
 0002:0000f740 00000110H .rtc$TZZ                DATA
 0002:0000f850 00006920H .xdata                  DATA
 0002:00016170 00000196H .xdata$x                DATA
 0002:00016306 00000000H .edata                  DATA
 0003:00000000 00000e78H .data                   DATA
 0003:00000e78 00000190H .data$r                 DATA
 0003:00001008 00000228H .data$rs                DATA
 0003:00001230 000020b9H .bss                    DATA
 0004:00000000 00005544H .pdata                  DATA
 0005:00000000 00000420H .idata$5                DATA
 0005:00000420 00000028H .idata$2                DATA
 0005:00000448 00000018H .idata$3                DATA
 0005:00000460 00000420H .idata$4                DATA
 0005:00000880 0000088dH .idata$6                DATA
 0006:00000000 00000175H .00cfg                  DATA
 0007:00000000 0000029fH _RDATA                  DATA

  Address         Publics by Value              Rva+Base               Lib:Object

 0000:00000000       __AbsoluteZero             0000000000000000     <absolute>
 0000:00000000       ___safe_se_handler_count   0000000000000000     <absolute>
 0000:00000000       ___safe_se_handler_table   0000000000000000     <absolute>
 0000:00000000       __arm64x_extra_rfe_table   0000000000000000     <absolute>
 0000:00000000       __arm64x_extra_rfe_table_size 0000000000000000     <absolute>
 0000:00000000       __arm64x_native_entrypoint 0000000000000000     <absolute>
 0000:00000000       __arm64x_redirection_metadata 0000000000000000     <absolute>
 0000:00000000       __arm64x_redirection_metadata_count 0000000000000000     <absolute>
 0000:00000000       __dynamic_value_reloc_table 0000000000000000     <absolute>
 0000:00000000       __enclave_config           0000000000000000     <absolute>
 0000:00000000       __guard_check_icall_a64n_fptr 0000000000000000     <absolute>
 0000:00000000       __guard_eh_cont_count      0000000000000000     <absolute>
 0000:00000000       __guard_eh_cont_table      0000000000000000     <absolute>
 0000:00000000       __guard_fids_count         0000000000000000     <absolute>
 0000:00000000       __guard_fids_table         0000000000000000     <absolute>
 0000:00000000       __guard_iat_count          0000000000000000     <absolute>
 0000:00000000       __guard_iat_table          0000000000000000     <absolute>
 0000:00000000       __guard_longjmp_count      0000000000000000     <absolute>
 0000:00000000       __guard_longjmp_table      0000000000000000     <absolute>
 0000:00000000       __hybrid_auxiliary_iat     0000000000000000     <absolute>
 0000:00000000       __hybrid_auxiliary_iat_copy 0000000000000000     <absolute>
 0000:00000000       __hybrid_code_map          0000000000000000     <absolute>
 0000:00000000       __hybrid_code_map_count    0000000000000000     <absolute>
 0000:00000000       __volatile_metadata        0000000000000000     <absolute>
 0000:00000000       __x64_code_ranges_to_entry_points 0000000000000000     <absolute>
 0000:00000000       __x64_code_ranges_to_entry_points_count 0000000000000000     <absolute>
 0000:00000100       __guard_flags              0000000000000100     <absolute>
 0000:00000000       __ImageBase                0000000140000000     <linker-defined>
 0001:00008d60       ?f32_pos_inf@@YAMXZ        0000000140009d60 f   site.obj
 0001:00008d80       ?f32_neg_inf@@YAMXZ        0000000140009d80 f   site.obj
 0001:00008da0       ?f32_abs@@YAMM@Z           0000000140009da0 f   site.obj
 0001:00008dd0       ?f32_sign@@YAMM@Z          0000000140009dd0 f   site.obj
 0001:00008e20       ?f64_pos_inf@@YANXZ        0000000140009e20 f   site.obj
 0001:00008e50       ?f64_neg_inf@@YANXZ        0000000140009e50 f   site.obj
 0001:00008e80       ?f64_abs@@YANN@Z           0000000140009e80 f   site.obj
 0001:00008ec0       ?f64_sign@@YANN@Z          0000000140009ec0 f   site.obj
 0001:00008f20       ?f32_lerp@@YAMMMM@Z        0000000140009f20 f   site.obj
 0001:00008f60       ?f64_lerp@@YANNNN@Z        0000000140009f60 f   site.obj
 0001:00008fa0       ?f32_angle_difference@@YAMMM@Z 0000000140009fa0 f   site.obj
 0001:00008ff0       ?f64_angle_difference@@YANNN@Z 0000000140009ff0 f   site.obj
 0001:00009040       ?f32_angle_lerp@@YAMMMM@Z  000000014000a040 f   site.obj
 0001:000090a0       ?f64_angle_lerp@@YANNNN@Z  000000014000a0a0 f   site.obj
 0001:00009100       ?f32_radian_difference@@YAMMM@Z 000000014000a100 f   site.obj
 0001:00009150       ?f64_radian_difference@@YANNN@Z 000000014000a150 f   site.obj
 0001:000091a0       ?f32_radian_lerp@@YAMMMM@Z 000000014000a1a0 f   site.obj
 0001:00009200       ?f64_radian_lerp@@YANNNN@Z 000000014000a200 f   site.obj
 0001:00009260       ?f32_approach@@YAMMMM@Z    000000014000a260 f   site.obj
 0001:00009310       ?f64_approach@@YANNNN@Z    000000014000a310 f   site.obj
 0001:000093c0       ?Arena_create_default@@YAPEAUlcf_Arena@@XZ 000000014000a3c0 f   site.obj
 0001:000093e0       ?Arena_create@@YAPEAUlcf_Arena@@_K@Z 000000014000a3e0 f   site.obj
 0001:00009460       ?Arena_destroy@@YAXPEAUlcf_Arena@@@Z 000000014000a460 f   site.obj
 0001:00009490       ?Arena_take@@YAPEAXPEAUlcf_Arena@@_K@Z 000000014000a490 f   site.obj
 0001:000094c0       ?Arena_take_custom@@YAPEAXPEAUlcf_Arena@@_K1@Z 000000014000a4c0 f   site.obj
 0001:00009610       ?Arena_take_zero@@YAPEAXPEAUlcf_Arena@@_K@Z 000000014000a610 f   site.obj
 0001:00009660       ?Arena_take_zero_custom@@YAPEAXPEAUlcf_Arena@@_K1@Z 000000014000a660 f   site.obj
 0001:000096b0       ?Arena_reset@@YAXPEAUlcf_Arena@@_K@Z 000000014000a6b0 f   site.obj
 0001:00009750       ?Arena_reset_all@@YAXPEAUlcf_Arena@@@Z 000000014000a750 f   site.obj
 0001:00009770       ?Arena_reset_decommit@@YAXPEAUlcf_Arena@@_K@Z 000000014000a770 f   site.obj
 0001:00009830       ?Arena_reset_all_decommit@@YAXPEAUlcf_Arena@@@Z 000000014000a830 f   site.obj
 0001:000098a0       ?Arena_resize@@YAPEAXPEAUlcf_Arena@@PEAX_K2@Z 000000014000a8a0 f   site.obj
 0001:000098f0       ?Arena_resize_custom@@YAPEAXPEAUlcf_Arena@@PEAX_K22@Z 000000014000a8f0 f   site.obj
 0001:00009a60       ?ArenaSession_begin@@YA?AUlcf_ArenaSession@@PEAUlcf_Arena@@@Z 000000014000aa60 f   site.obj
 0001:00009ab0       ?ArenaSession_end@@YAXUlcf_ArenaSession@@@Z 000000014000aab0 f   site.obj
 0001:00009ae0       ?str8_from@@YA?AUstr8@@PEAD_K@Z 000000014000aae0 f   site.obj
 0001:00009b30       ?str8_from_pointer_range@@YA?AUstr8@@PEAD0@Z 000000014000ab30 f   site.obj
 0001:00009b90       ?str8_from_cstring@@YA?AUstr8@@PEAD@Z 000000014000ab90 f   site.obj
 0001:00009c20       ?str8_empty@@YA?AUstr8@@XZ 000000014000ac20 f   site.obj
 0001:00009c60       ?str8_first@@YA?AUstr8@@U1@_K@Z 000000014000ac60 f   site.obj
 0001:00009cf0       ?str8_last@@YA?AUstr8@@U1@_K@Z 000000014000acf0 f   site.obj
 0001:00009d80       ?str8_cut_first@@YA?AUstr8@@U1@_K@Z 000000014000ad80 f   site.obj
 0001:00009e20       ?str8_cut_last@@YA?AUstr8@@U1@_K@Z 000000014000ae20 f   site.obj
 0001:00009eb0       ?str8_skip@@YA?AUstr8@@U1@_K@Z 000000014000aeb0 f   site.obj
 0001:00009f50       ?str8_substr_between@@YA?AUstr8@@U1@_K1@Z 000000014000af50 f   site.obj
 0001:00009ff0       ?str8_substr@@YA?AUstr8@@U1@_K1@Z 000000014000aff0 f   site.obj
 0001:0000a090       ?str8_create_size@@YA?AUstr8@@PEAUlcf_Arena@@_K@Z 000000014000b090 f   site.obj
 0001:0000a0f0       ?str8_copy@@YA?AUstr8@@PEAUlcf_Arena@@U1@@Z 000000014000b0f0 f   site.obj
 0001:0000a180       ?str8_copy_custom@@YA?AUstr8@@PEAXU1@@Z 000000014000b180 f   site.obj
 0001:0000a1f0       ?str8_concat@@YA?AUstr8@@PEAUlcf_Arena@@U1@1@Z 000000014000b1f0 f   site.obj
 0001:0000a2a0       ?str8_eq@@YAIUstr8@@0@Z    000000014000b2a0 f   site.obj
 0001:0000a330       ?str8_has_prefix@@YAIUstr8@@0@Z 000000014000b330 f   site.obj
 0001:0000a3c0       ?str8_has_postfix@@YAIUstr8@@0@Z 000000014000b3c0 f   site.obj
 0001:0000a460       ?chr8_is_whitespace@@YAID@Z 000000014000b460 f   site.obj
 0001:0000a4a0       ?str8_contains_char@@YAIUstr8@@D@Z 000000014000b4a0 f   site.obj
 0001:0000a510       ?str8_contains_substring@@YAIUstr8@@0@Z 000000014000b510 f   site.obj
 0001:0000a590       ?str8_contains_delimiter@@YAIUstr8@@0@Z 000000014000b590 f   site.obj
 0001:0000a610       ?str8_char_location@@YA_KUstr8@@D@Z 000000014000b610 f   site.obj
 0001:0000a6a0       ?str8_substring_location@@YA_KUstr8@@0@Z 000000014000b6a0 f   site.obj
 0001:0000a7d0       ?str8_delimiter_location@@YA_KUstr8@@0@Z 000000014000b7d0 f   site.obj
 0001:0000a910       ?str8_trim_prefix@@YA?AUstr8@@U1@0@Z 000000014000b910 f   site.obj
 0001:0000a9c0       ?str8_trim_postfix@@YA?AUstr8@@U1@0@Z 000000014000b9c0 f   site.obj
 0001:0000aa50       ?str8_trim_whitespace@@YA?AUstr8@@U1@@Z 000000014000ba50 f   site.obj
 0001:0000ab20       ?str8_trim_whitespace_front@@YA?AUstr8@@U1@@Z 000000014000bb20 f   site.obj
 0001:0000abb0       ?str8_trim_whitespace_back@@YA?AUstr8@@U1@@Z 000000014000bbb0 f   site.obj
 0001:0000ac60       ?str8_pop_at_first_substring@@YA?AUstr8@@PEAU1@U1@@Z 000000014000bc60 f   site.obj
 0001:0000adb0       ?str8_pop_at_first_delimiter@@YA?AUstr8@@PEAU1@U1@@Z 000000014000bdb0 f   site.obj
 0001:0000aef0       ?str8_pop_at_first_whitespace@@YA?AUstr8@@PEAU1@@Z 000000014000bef0 f   site.obj
 0001:0000b070       ?Str8List_add_node@@YAXPEAUStr8List@@PEAUStr8Node@@@Z 000000014000c070 f   site.obj
 0001:0000b120       ?Str8List_append@@YAXPEAUStr8List@@U1@@Z 000000014000c120 f   site.obj
 0001:0000b1c0       ?Str8List_add@@YAXPEAUlcf_Arena@@PEAUStr8List@@Ustr8@@@Z 000000014000c1c0 f   site.obj
 0001:0000b230       ?Str8List_join@@YA?AUstr8@@PEAUlcf_Arena@@UStr8List@@U1@22@Z 000000014000c230 f   site.obj
 0001:0000b430       ?Prn8_str8@@YAXPEAUlcf_str8PrintContext@@Ustr8@@@Z 000000014000c430 f   site.obj
 0001:0000b5f0       ?Prn8_newline@@YAXPEAUlcf_str8PrintContext@@@Z 000000014000c5f0 f   site.obj
 0001:0000b650       ?Prn8_s64@@YAXPEAUlcf_str8PrintContext@@_J@Z 000000014000c650 f   site.obj
 0001:0000b6a0       ?Prn8_s32@@YAXPEAUlcf_str8PrintContext@@H@Z 000000014000c6a0 f   site.obj
 0001:0000b6f0       ?Prn8_s16@@YAXPEAUlcf_str8PrintContext@@F@Z 000000014000c6f0 f   site.obj
 0001:0000b740       ?Prn8_s8@@YAXPEAUlcf_str8PrintContext@@C@Z 000000014000c740 f   site.obj
 0001:0000b790       ?Prn8_u64@@YAXPEAUlcf_str8PrintContext@@_K@Z 000000014000c790 f   site.obj
 0001:0000b7e0       ?Prn8_u32@@YAXPEAUlcf_str8PrintContext@@I@Z 000000014000c7e0 f   site.obj
 0001:0000b830       ?Prn8_u16@@YAXPEAUlcf_str8PrintContext@@G@Z 000000014000c830 f   site.obj
 0001:0000b880       ?Prn8_u8@@YAXPEAUlcf_str8PrintContext@@E@Z 000000014000c880 f   site.obj
 0001:0000b8d0       ?Prn8_s64_custom@@YAXPEAUlcf_str8PrintContext@@_JG@Z 000000014000c8d0 f   site.obj
 0001:0000b920       ?Prn8_s32_custom@@YAXPEAUlcf_str8PrintContext@@HG@Z 000000014000c920 f   site.obj
 0001:0000b970       ?Prn8_s16_custom@@YAXPEAUlcf_str8PrintContext@@FG@Z 000000014000c970 f   site.obj
 0001:0000b9c0       ?Prn8_s8_custom@@YAXPEAUlcf_str8PrintContext@@CG@Z 000000014000c9c0 f   site.obj
 0001:0000ba10       ?Prn8_u64_custom@@YAXPEAUlcf_str8PrintContext@@_KG@Z 000000014000ca10 f   site.obj
 0001:0000ba60       ?Prn8_u32_custom@@YAXPEAUlcf_str8PrintContext@@IG@Z 000000014000ca60 f   site.obj
 0001:0000bab0       ?Prn8_u16_custom@@YAXPEAUlcf_str8PrintContext@@GG@Z 000000014000cab0 f   site.obj
 0001:0000bb00       ?Prn8_u8_custom@@YAXPEAUlcf_str8PrintContext@@EG@Z 000000014000cb00 f   site.obj
 0001:0000bb50       ?Prn8_begin_same_line@@YAXPEAUlcf_str8PrintContext@@@Z 000000014000cb50 f   site.obj
 0001:0000bb70       ?Prn8_end_same_line@@YAXPEAUlcf_str8PrintContext@@@Z 000000014000cb70 f   site.obj
 0001:0000bba0       ?Prn8_end@@YAXPEAUlcf_str8PrintContext@@@Z 000000014000cba0 f   site.obj
 0001:0000bbc0       ?Prn8_add_tabs@@YAXPEAUlcf_str8PrintContext@@H@Z 000000014000cbc0 f   site.obj
 0001:0000bbf0       ?Prn8_del_tabs@@YAXPEAUlcf_str8PrintContext@@H@Z 000000014000cbf0 f   site.obj
 0001:0000bc40       ?Win32_GetPageSize@@YAIXZ  000000014000cc40 f   site.obj
 0001:0000bc80       ?Win32_Reserve@@YAPEAX_K@Z 000000014000cc80 f   site.obj
 0001:0000bcf0       ?Win32_Commit@@YAIPEAX_K@Z 000000014000ccf0 f   site.obj
 0001:0000bd90       ?Win32_Decommit@@YAXPEAX_K@Z 000000014000cd90 f   site.obj
 0001:0000bdc0       ?Win32_Free@@YAXPEAX_K@Z   000000014000cdc0 f   site.obj
 0001:0000bdf0       ?win32_load_entire_file@@YA?AUstr8@@PEAUlcf_Arena@@U1@@Z 000000014000cdf0 f   site.obj
 0001:0000bf70       ?win32_get_file_write_time@@YA_KUstr8@@@Z 000000014000cf70 f   site.obj
 0001:0000c000       ?win32_file_was_written@@YAIUstr8@@PEA_K@Z 000000014000d000 f   site.obj
 0001:0000c070       ?win32_init_timing@@YAXXZ  000000014000d070 f   site.obj
 0001:0000c090       ?win32_get_wall_clock@@YA_JXZ 000000014000d090 f   site.obj
 0001:0000c0b0       ?win32_get_seconds_elapsed@@YAM_J0@Z 000000014000d0b0 f   site.obj
 0001:0000c1e0       ?f32_to_radians@@YAMM@Z    000000014000d1e0 f   site.obj
 0001:0000c210       ?f64_to_radians@@YANN@Z    000000014000d210 f   site.obj
 0001:0000c240       ?f32_to_degrees@@YAMM@Z    000000014000d240 f   site.obj
 0001:0000c270       ?f64_to_degrees@@YANN@Z    000000014000d270 f   site.obj
 0001:0000c370       ?str8_first_whitespace_location@@YA_KUstr8@@@Z 000000014000d370 f   site.obj
 0001:0000c430       ?Prn8_create@@YA?AUlcf_str8PrintContext@@I@Z 000000014000d430 f   site.obj
 0001:0000c490       ?Prn8_create_size@@YA?AUlcf_str8PrintContext@@I_K@Z 000000014000d490 f   site.obj
 0001:0000c500       ?Prn8_set_output_file@@YA?AUlcf_str8PrintContext@@U1@PEAU_iobuf@@@Z 000000014000d500 f   site.obj
 0001:0000cd00       ?parse_text@@YAPEAUText@@PEAUlcf_Arena@@PEAU1@@Z 000000014000dd00 f   site.obj
 0001:0000e7f0       ?parse@@YAPEAUBlock@@PEAUlcf_Arena@@Ustr8@@@Z 000000014000f7f0 f   site.obj
 0001:0000f8e0       ?render_text@@YA?AUStr8List@@PEAUlcf_Arena@@PEAUText@@@Z 00000001400108e0 f   site.obj
 0001:00010410       ?render@@YA?AUStr8List@@PEAUlcf_Arena@@PEAUBlock@@@Z 0000000140011410 f   site.obj
 0001:00011140       ?md_to_html@@YA?AUStr8List@@PEAUlcf_Arena@@Ustr8@@@Z 0000000140012140 f   site.obj
 0001:000111e0       main                       00000001400121e0 f   site.obj
 0001:00013930       __local_stdio_printf_options 0000000140014930 f i site.obj
 0001:00013940       _vfprintf_l                0000000140014940 f i site.obj
 0001:000139a0       fprintf                    00000001400149a0 f i site.obj
 0001:00013a02       PathRenameExtensionA       0000000140014a02 f   Shlwapi:SHLWAPI.dll
 0001:00013a08       __GSHandlerCheck           0000000140014a08 f   LIBCMT:gshandler.obj
 0001:00013a2c       __GSHandlerCheckCommon     0000000140014a2c f   LIBCMT:gshandler.obj
 0001:00013ab0       __security_check_cookie    0000000140014ab0 f   LIBCMT:amdsecgs.obj
 0001:00013de8       ?configure_argv@__scrt_narrow_argv_policy@@SAHXZ 0000000140014de8 f i LIBCMT:exe_main.obj
 0001:00013e04       ?initialize_environment@__scrt_narrow_environment_policy@@SAHXZ 0000000140014e04 f i LIBCMT:exe_main.obj
 0001:00013e50       ?set_app_type@__scrt_main_policy@@SAXXZ 0000000140014e50 f i LIBCMT:exe_main.obj
 0001:00013e5c       ?set_commode@__scrt_file_policy@@SAXXZ 0000000140014e5c f i LIBCMT:exe_main.obj
 0001:00013e7c       ?set_fmode@__scrt_file_policy@@SAXXZ 0000000140014e7c f i LIBCMT:exe_main.obj
 0001:00013e98       mainCRTStartup             0000000140014e98 f   LIBCMT:exe_main.obj
 0001:00013eb0       __raise_securityfailure    0000000140014eb0 f   LIBCMT:gs_report.obj
 0001:00013ef4       __report_gsfailure         0000000140014ef4 f   LIBCMT:gs_report.obj
 0001:00013ffc       __report_rangecheckfailure 0000000140014ffc f   LIBCMT:gs_report.obj
 0001:00014014       __report_securityfailure   0000000140015014 f   LIBCMT:gs_report.obj
 0001:000140d8       __report_securityfailureEx 00000001400150d8 f   LIBCMT:gs_report.obj
 0001:000143dc       NtCurrentTeb               00000001400153dc f i LIBCMT:utility.obj
 0001:000143e8       __scrt_acquire_startup_lock 00000001400153e8 f   LIBCMT:utility.obj
 0001:00014430       __scrt_dllmain_after_initialize_c 0000000140015430 f   LIBCMT:utility.obj
 0001:00014474       __scrt_dllmain_before_initialize_c 0000000140015474 f   LIBCMT:utility.obj
 0001:00014490       __scrt_dllmain_crt_thread_attach 0000000140015490 f   LIBCMT:utility.obj
 0001:000144c4       __scrt_dllmain_crt_thread_detach 00000001400154c4 f   LIBCMT:utility.obj
 0001:000144e0       __scrt_dllmain_exception_filter 00000001400154e0 f   LIBCMT:utility.obj
 0001:00014558       __scrt_dllmain_uninitialize_c 0000000140015558 f   LIBCMT:utility.obj
 0001:00014594       __scrt_dllmain_uninitialize_critical 0000000140015594 f   LIBCMT:utility.obj
 0001:000145b0       __scrt_initialize_crt      00000001400155b0 f   LIBCMT:utility.obj
 0001:0001460c       __scrt_initialize_onexit_tables 000000014001560c f   LIBCMT:utility.obj
 0001:000146bc       __scrt_is_nonwritable_in_current_image 00000001400156bc f   LIBCMT:utility.obj
 0001:0001477c       __scrt_release_startup_lock 000000014001577c f   LIBCMT:utility.obj
 0001:000147ac       __scrt_uninitialize_crt    00000001400157ac f   LIBCMT:utility.obj
 0001:000147e0       _onexit                    00000001400157e0 f   LIBCMT:utility.obj
 0001:00014828       at_quick_exit              0000000140015828 f   LIBCMT:utility.obj
 0001:0001484c       atexit                     000000014001584c f   LIBCMT:utility.obj
 0001:000148f0       __security_init_cookie     00000001400158f0 f   LIBCMT:gs_support.obj
 0001:000149c8       _matherr                   00000001400159c8 f   LIBCMT:matherr.obj
 0001:000149cc       _get_startup_argv_mode     00000001400159cc f   LIBCMT:argv_mode.obj
 0001:000149d4       _get_startup_commit_mode   00000001400159d4 f   LIBCMT:commit_mode.obj
 0001:000149d8       _get_startup_file_mode     00000001400159d8 f   LIBCMT:file_mode.obj
 0001:000149e0       _get_startup_new_mode      00000001400159e0 f   LIBCMT:new_mode.obj
 0001:000149e4       _get_startup_thread_locale_mode 00000001400159e4 f   LIBCMT:thread_locale.obj
 0001:000149e8       ?__scrt_initialize_type_info@@YAXXZ 00000001400159e8 f   LIBCMT:tncleanup.obj
 0001:000149fc       ?__scrt_uninitialize_type_info@@YAXXZ 00000001400159fc f   LIBCMT:tncleanup.obj
 0001:00014a0c       _should_initialize_environment 0000000140015a0c f   LIBCMT:env_mode.obj
 0001:00014a10       _initialize_invalid_parameter_handler 0000000140015a10 f   LIBCMT:invalid_parameter_handler.obj
 0001:00014a14       _initialize_denormal_control 0000000140015a14 f   LIBCMT:denormal_control.obj
 0001:00014a18       __local_stdio_scanf_options 0000000140015a18 f i LIBCMT:default_local_stdio_options.obj
 0001:00014a24       __scrt_initialize_default_local_stdio_options 0000000140015a24 f   LIBCMT:default_local_stdio_options.obj
 0001:00014a48       __scrt_is_user_matherr_present 0000000140015a48 f   LIBCMT:matherr_detection.obj
 0001:00014a58       __scrt_get_dyn_tls_init_callback 0000000140015a58 f   LIBCMT:dyn_tls_init.obj
 0001:00014a64       __scrt_get_dyn_tls_dtor_callback 0000000140015a64 f   LIBCMT:dyn_tls_dtor.obj
 0001:00014a70       __crt_debugger_hook        0000000140015a70 f   LIBCMT:utility_desktop.obj
 0001:00014a7c       __scrt_fastfail            0000000140015a7c f   LIBCMT:utility_desktop.obj
 0001:00014c1c       __scrt_get_show_window_mode 0000000140015c1c f   LIBCMT:utility_desktop.obj
 0001:00014c64       __scrt_initialize_mta      0000000140015c64 f   LIBCMT:utility_desktop.obj
 0001:00014c6c       __scrt_initialize_winrt    0000000140015c6c f   LIBCMT:utility_desktop.obj
 0001:00014c70       __scrt_is_managed_app      0000000140015c70 f   LIBCMT:utility_desktop.obj
 0001:00014cd8       __scrt_set_unhandled_exception_filter 0000000140015cd8 f   LIBCMT:utility_desktop.obj
 0001:00014cec       __scrt_exe_initialize_mta  0000000140015cec f   LIBCMT:utility_desktop.obj
 0001:00014cec       __scrt_stub_for_initialize_mta 0000000140015cec f   LIBCMT:utility_desktop.obj
 0001:00014cf0       __scrt_unhandled_exception_filter 0000000140015cf0 f   LIBCMT:utility_desktop.obj
 0001:00014d64       _RTC_Initialize            0000000140015d64 f   LIBCMT:initsect.obj
 0001:00014db0       _RTC_Terminate             0000000140015db0 f   LIBCMT:initsect.obj
 0001:00014dfc       _guard_check_icall_nop     0000000140015dfc f i LIBCMT:guard_support.obj
 0001:00014e00       ReadNoFence64              0000000140015e00 f i LIBCMT:guard_support.obj
 0001:00014e04       ReadPointerNoFence         0000000140015e04 f i LIBCMT:guard_support.obj
 0001:00014e08       __castguard_check_failure_debugbreak 0000000140015e08 f i LIBCMT:guard_support.obj
 0001:00014e2c       __castguard_check_failure_fastfail 0000000140015e2c f i LIBCMT:guard_support.obj
 0001:00014e58       __castguard_check_failure_nop 0000000140015e58 f i LIBCMT:guard_support.obj
 0001:00014e5c       __castguard_check_failure_os_handled 0000000140015e5c f i LIBCMT:guard_support.obj
 0001:00014ef0       __castguard_slow_path_check_debugbreak 0000000140015ef0 f i LIBCMT:guard_support.obj
 0001:00014f34       __castguard_slow_path_check_fastfail 0000000140015f34 f i LIBCMT:guard_support.obj
 0001:00014f7c       __castguard_slow_path_check_nop 0000000140015f7c f i LIBCMT:guard_support.obj
 0001:00014f80       __castguard_slow_path_check_os_handled 0000000140015f80 f i LIBCMT:guard_support.obj
 0001:00015008       _guard_icall_checks_enforced 0000000140016008 f i LIBCMT:guard_support.obj
 0001:00015024       _guard_rf_checks_enforced  0000000140016024 f i LIBCMT:guard_support.obj
 0001:00015028       __isa_available_init       0000000140016028 f   LIBCMT:cpu_disp.obj
 0001:00015240       __scrt_is_ucrt_dll_in_use  0000000140016240 f   LIBCMT:ucrt_detection.obj
 0001:00015250       CreateFileA                0000000140016250 f   kernel32:KERNEL32.dll
 0001:00015256       FindClose                  0000000140016256 f   kernel32:KERNEL32.dll
 0001:0001525c       FindFirstFileA             000000014001625c f   kernel32:KERNEL32.dll
 0001:00015262       FindNextFileA              0000000140016262 f   kernel32:KERNEL32.dll
 0001:00015268       GetFileSizeEx              0000000140016268 f   kernel32:KERNEL32.dll
 0001:0001526e       ReadFile                   000000014001626e f   kernel32:KERNEL32.dll
 0001:00015274       WriteFile                  0000000140016274 f   kernel32:KERNEL32.dll
 0001:0001527a       CloseHandle                000000014001627a f   kernel32:KERNEL32.dll
 0001:00015280       QueryPerformanceCounter    0000000140016280 f   kernel32:KERNEL32.dll
 0001:00015286       QueryPerformanceFrequency  0000000140016286 f   kernel32:KERNEL32.dll
 0001:0001528c       GetSystemInfo              000000014001628c f   kernel32:KERNEL32.dll
 0001:00015292       VirtualAlloc               0000000140016292 f   kernel32:KERNEL32.dll
 0001:00015298       VirtualFree                0000000140016298 f   kernel32:KERNEL32.dll
 0001:0001529e       RtlCaptureContext          000000014001629e f   kernel32:KERNEL32.dll
 0001:000152a4       RtlLookupFunctionEntry     00000001400162a4 f   kernel32:KERNEL32.dll
 0001:000152aa       RtlVirtualUnwind           00000001400162aa f   kernel32:KERNEL32.dll
 0001:000152b0       UnhandledExceptionFilter   00000001400162b0 f   kernel32:KERNEL32.dll
 0001:000152b6       SetUnhandledExceptionFilter 00000001400162b6 f   kernel32:KERNEL32.dll
 0001:000152bc       GetCurrentProcess          00000001400162bc f   kernel32:KERNEL32.dll
 0001:000152c2       TerminateProcess           00000001400162c2 f   kernel32:KERNEL32.dll
 0001:000152c8       IsProcessorFeaturePresent  00000001400162c8 f   kernel32:KERNEL32.dll
 0001:000152ce       GetCurrentProcessId        00000001400162ce f   kernel32:KERNEL32.dll
 0001:000152d4       GetCurrentThreadId         00000001400162d4 f   kernel32:KERNEL32.dll
 0001:000152da       GetSystemTimeAsFileTime    00000001400162da f   kernel32:KERNEL32.dll
 0001:000152e0       InitializeSListHead        00000001400162e0 f   kernel32:KERNEL32.dll
 0001:000152e6       IsDebuggerPresent          00000001400162e6 f   kernel32:KERNEL32.dll
 0001:000152ec       GetStartupInfoW            00000001400162ec f   kernel32:KERNEL32.dll
 0001:000152f2       GetModuleHandleW           00000001400162f2 f   kernel32:KERNEL32.dll
 0001:00015310       memcmp                     0000000140016310 f   libvcruntime:memcmp.obj
 0001:0001540c       __C_specific_handler       000000014001640c f   libvcruntime:riscchandler.obj
 0001:00015680       __vcrt_initialize          0000000140016680 f   libvcruntime:initialization.obj
 0001:000156b4       __vcrt_thread_attach       00000001400166b4 f   libvcruntime:initialization.obj
 0001:000156d0       __vcrt_thread_detach       00000001400166d0 f   libvcruntime:initialization.obj
 0001:000156e8       __vcrt_uninitialize        00000001400166e8 f   libvcruntime:initialization.obj
 0001:00015708       __vcrt_uninitialize_critical 0000000140016708 f   libvcruntime:initialization.obj
 0001:00015730       ??$?RD@__crt_internal_free_policy@@QEBAXQEBD@Z 0000000140016730 f i libvcruntime:std_type_info.obj
 0001:0001573c       ??$?RX@__crt_internal_free_policy@@QEBAXQEBX@Z 000000014001673c f i libvcruntime:std_type_info.obj
 0001:00015748       ??$__crt_interlocked_compare_exchange_pointer@$$CBDPEAD$$T@@YAPEBDPEDSEBDQEAD$$T@Z 0000000140016748 f i libvcruntime:std_type_info.obj
 0001:00015754       ??$__crt_interlocked_read_pointer@$$CBD@@YAPEBDPEDSEBD@Z 0000000140016754 f i libvcruntime:std_type_info.obj
 0001:0001575c       ??0?$__crt_unique_heap_ptr@DU__crt_internal_free_policy@@@@QEAA@QEAD@Z 000000014001675c f i libvcruntime:std_type_info.obj
 0001:00015764       ??0?$__crt_unique_heap_ptr@XU__crt_internal_free_policy@@@@QEAA@QEAX@Z 0000000140016764 f i libvcruntime:std_type_info.obj
 0001:0001576c       ??1?$__crt_unique_heap_ptr@DU__crt_internal_free_policy@@@@QEAA@XZ 000000014001676c f i libvcruntime:std_type_info.obj
 0001:00015790       ??1?$__crt_unique_heap_ptr@XU__crt_internal_free_policy@@@@QEAA@XZ 0000000140016790 f i libvcruntime:std_type_info.obj
 0001:000157b4       ??B?$__crt_unique_heap_ptr@DU__crt_internal_free_policy@@@@QEBA_NXZ 00000001400167b4 f i libvcruntime:std_type_info.obj
 0001:000157c0       ??B?$__crt_unique_heap_ptr@XU__crt_internal_free_policy@@@@QEBA_NXZ 00000001400167c0 f i libvcruntime:std_type_info.obj
 0001:000157fc       ?__crt_interlocked_read_64@@YA_JPED_J@Z 00000001400167fc f i libvcruntime:std_type_info.obj
 0001:00015804       ?detach@?$__crt_unique_heap_ptr@XU__crt_internal_free_policy@@@@QEAAPEAXXZ 0000000140016804 f i libvcruntime:std_type_info.obj
 0001:00015810       ?get@?$__crt_unique_heap_ptr@DU__crt_internal_free_policy@@@@QEBAPEADXZ 0000000140016810 f i libvcruntime:std_type_info.obj
 0001:00015814       ?get@?$__crt_unique_heap_ptr@XU__crt_internal_free_policy@@@@QEBAPEAXXZ 0000000140016814 f i libvcruntime:std_type_info.obj
 0001:00015818       ?is_valid@?$__crt_unique_heap_ptr@DU__crt_internal_free_policy@@@@QEBA_NXZ 0000000140016818 f i libvcruntime:std_type_info.obj
 0001:00015824       ?is_valid@?$__crt_unique_heap_ptr@XU__crt_internal_free_policy@@@@QEBA_NXZ 0000000140016824 f i libvcruntime:std_type_info.obj
 0001:00015830       ?release@?$__crt_unique_heap_ptr@DU__crt_internal_free_policy@@@@QEAAXXZ 0000000140016830 f i libvcruntime:std_type_info.obj
 0001:00015854       ?release@?$__crt_unique_heap_ptr@XU__crt_internal_free_policy@@@@QEAAXXZ 0000000140016854 f i libvcruntime:std_type_info.obj
 0001:00015878       __std_type_info_compare    0000000140016878 f   libvcruntime:std_type_info.obj
 0001:000158a8       __std_type_info_destroy_list 00000001400168a8 f   libvcruntime:std_type_info.obj
 0001:000158dc       __std_type_info_hash       00000001400168dc f   libvcruntime:std_type_info.obj
 0001:00015924       __std_type_info_name       0000000140016924 f   libvcruntime:std_type_info.obj
 0001:00015a84       __DestructExceptionObject  0000000140016a84 f   libvcruntime:ehhelpers.obj
 0001:00015b0c       ?_CallMemberFunction0@@YAXQEAX0@Z 0000000140016b0c f i libvcruntime:ehhelpers.obj
 0001:00015b80       ?raw_name@type_info@@QEBAPEBDXZ 0000000140016b80 f i libvcruntime:ehhelpers.obj
 0001:00015b88       _IsExceptionObjectToBeDestroyed 0000000140016b88 f   libvcruntime:ehhelpers.obj
 0001:00015bc4       _SetWinRTOutOfMemoryExceptionCallback 0000000140016bc4 f   libvcruntime:ehhelpers.obj
 0001:00015bd0       __AdjustPointer            0000000140016bd0 f   libvcruntime:ehhelpers.obj
 0001:00015bfc       __FrameUnwindFilter        0000000140016bfc f   libvcruntime:ehhelpers.obj
 0001:00015c7c       __GetPlatformExceptionInfo 0000000140016c7c f   libvcruntime:ehhelpers.obj
 0001:00015cf0       __current_exception        0000000140016cf0 f   libvcruntime:ehhelpers.obj
 0001:00015d08       __current_exception_context 0000000140016d08 f   libvcruntime:ehhelpers.obj
 0001:00015d20       __processing_throw         0000000140016d20 f   libvcruntime:ehhelpers.obj
 0001:00015d38       __std_terminate            0000000140016d38 f   libvcruntime:ehhelpers.obj
 0001:00015d44       _is_exception_typeof       0000000140016d44 f   libvcruntime:ehhelpers.obj
 0001:00015e30       memset_repstos             0000000140016e30 f   libvcruntime:memset.obj
 0001:00015e50       memset                     0000000140016e50 f   libvcruntime:memset.obj
 0001:000162e0       _NLG_Notify                00000001400172e0 f   libvcruntime:notify.obj
 0001:00016300       __NLG_Dispatch2            0000000140017300 f   libvcruntime:notify.obj
 0001:00016310       __NLG_Return2              0000000140017310 f   libvcruntime:notify.obj
 0001:0001632c       __except_validate_context_record 000000014001732c f   libvcruntime:jbcxrval.obj
 0001:00016370       __except_validate_jump_buffer 0000000140017370 f   libvcruntime:jbcxrval.obj
 0001:000163c0       __except_validate_jump_buffer_common 00000001400173c0 f i libvcruntime:jbcxrval.obj
 0001:00016434       ??$?RU__vcrt_ptd@@@__crt_internal_free_policy@@QEBAXQEBU__vcrt_ptd@@@Z 0000000140017434 f i libvcruntime:per_thread_data.obj
 0001:00016440       ??0?$__crt_unique_heap_ptr@U__vcrt_ptd@@U__crt_internal_free_policy@@@@QEAA@QEAU__vcrt_ptd@@@Z 0000000140017440 f i libvcruntime:per_thread_data.obj
 0001:00016468       ??1?$__crt_unique_heap_ptr@U__vcrt_ptd@@U__crt_internal_free_policy@@@@QEAA@XZ 0000000140017468 f i libvcruntime:per_thread_data.obj
 0001:00016498       ??B?$__crt_unique_heap_ptr@U__vcrt_ptd@@U__crt_internal_free_policy@@@@QEBA_NXZ 0000000140017498 f i libvcruntime:per_thread_data.obj
 0001:000164a4       ?detach@?$__crt_unique_heap_ptr@U__vcrt_ptd@@U__crt_internal_free_policy@@@@QEAAPEAU__vcrt_ptd@@XZ 00000001400174a4 f i libvcruntime:per_thread_data.obj
 0001:000164b0       ?get@?$__crt_unique_heap_ptr@U__vcrt_ptd@@U__crt_internal_free_policy@@@@QEBAPEAU__vcrt_ptd@@XZ 00000001400174b0 f i libvcruntime:per_thread_data.obj
 0001:000164b4       ?is_valid@?$__crt_unique_heap_ptr@U__vcrt_ptd@@U__crt_internal_free_policy@@@@QEBA_NXZ 00000001400174b4 f i libvcruntime:per_thread_data.obj
 0001:000164c0       ?release@?$__crt_unique_heap_ptr@U__vcrt_ptd@@U__crt_internal_free_policy@@@@QEAAXXZ 00000001400174c0 f i libvcruntime:per_thread_data.obj
 0001:00016518       __vcrt_freefls             0000000140017518 f   libvcruntime:per_thread_data.obj
 0001:00016540       __vcrt_freeptd             0000000140017540 f   libvcruntime:per_thread_data.obj
 0001:000165a0       __vcrt_getptd              00000001400175a0 f   libvcruntime:per_thread_data.obj
 0001:000165c0       __vcrt_getptd_noexit       00000001400175c0 f   libvcruntime:per_thread_data.obj
 0001:000166b0       __vcrt_getptd_noinit       00000001400176b0 f   libvcruntime:per_thread_data.obj
 0001:00016710       __vcrt_initialize_ptd      0000000140017710 f   libvcruntime:per_thread_data.obj
 0001:00016768       __vcrt_uninitialize_ptd    0000000140017768 f   libvcruntime:per_thread_data.obj
 0001:00016794       __vcrt_initialize_locks    0000000140017794 f   libvcruntime:locks.obj
 0001:000167ec       __vcrt_lock                00000001400177ec f   libvcruntime:locks.obj
 0001:0001680c       __vcrt_uninitialize_locks  000000014001780c f   libvcruntime:locks.obj
 0001:00016850       __vcrt_unlock              0000000140017850 f   libvcruntime:locks.obj
 0001:00016870       ??$?0$00@DName@@QEAA@PEBDU?$StringLifeSelector@$00@@@Z 0000000140017870 f i libvcruntime:undname.obj
 0001:000168c0       ??$?0$00@pcharNode@@QEAA@PEBDHU?$StringLifeSelector@$00@@@Z 00000001400178c0 f i libvcruntime:undname.obj
 0001:000168dc       ??$?0$01@DName@@QEAA@PEBDU?$StringLifeSelector@$01@@@Z 00000001400178dc f i libvcruntime:undname.obj
 0001:0001692c       ??$?0$01@pcharNode@@QEAA@PEBDHU?$StringLifeSelector@$01@@@Z 000000014001792c f i libvcruntime:undname.obj
 0001:000169bc       ??$?0$0A@@DName@@QEAA@PEBDU?$StringLifeSelector@$0A@@@@Z 00000001400179bc f i libvcruntime:undname.obj
 0001:00016a0c       ??$?0$0A@@pcharNode@@QEAA@PEBDHU?$StringLifeSelector@$0A@@@@Z 0000000140017a0c f i libvcruntime:undname.obj
 0001:00016a9c       ??$?0_K$0A@@?$optional@_K@std@@QEAA@$$QEA_K@Z 0000000140017a9c f i libvcruntime:undname.obj
 0001:00016ab0       ??$?0_K@?$_Optional_construct_base@_K@std@@QEAA@Uin_place_t@1@$$QEA_K@Z 0000000140017ab0 f i libvcruntime:undname.obj
 0001:00016ac4       ??$?0_K@?$_Optional_destruct_base@_K$00@std@@QEAA@Uin_place_t@1@$$QEA_K@Z 0000000140017ac4 f i libvcruntime:undname.obj
 0001:00016ad8       ??$append@VDNameNode@@@DName@@AEAAXPEBVDNameNode@@@Z 0000000140017ad8 f i libvcruntime:undname.obj
 0001:00016b54       ??$append@VDNameStatusNode@@@DName@@AEAAXPEBVDNameStatusNode@@@Z 0000000140017b54 f i libvcruntime:undname.obj
 0001:00016bd0       ??$append@VcharNode@@@DName@@AEAAXPEBVcharNode@@@Z 0000000140017bd0 f i libvcruntime:undname.obj
 0001:00016c4c       ??$append@VpDNameNode@@@DName@@AEAAXPEBVpDNameNode@@@Z 0000000140017c4c f i libvcruntime:undname.obj
 0001:00016cc8       ??$append@VpcharNode@@@DName@@AEAAXPEBVpcharNode@@@Z 0000000140017cc8 f i libvcruntime:undname.obj
 0001:00016d44       ??$doPchar@$00@DName@@AEAAXPEBDH@Z 0000000140017d44 f i libvcruntime:undname.obj
 0001:00016e10       ??$doPchar@$01@DName@@AEAAXPEBDH@Z 0000000140017e10 f i libvcruntime:undname.obj
 0001:00016ecc       ??$doPchar@$0A@@DName@@AEAAXPEBDH@Z 0000000140017ecc f i libvcruntime:undname.obj
 0001:00016f88       ??$forward@_K@std@@YA$$QEA_KAEA_K@Z 0000000140017f88 f i libvcruntime:undname.obj
 0001:000170ec       ??$size@D$04@std@@YA_KAEAY04$$CBD@Z 00000001400180ec f i libvcruntime:undname.obj
 0001:000170f4       ??0?$_Optional_construct_base@_K@std@@QEAA@XZ 00000001400180f4 f i libvcruntime:undname.obj
 0001:00017100       ??0?$_Optional_destruct_base@_K$00@std@@QEAA@XZ 0000000140018100 f i libvcruntime:undname.obj
 0001:0001710c       ??0?$optional@_K@std@@QEAA@XZ 000000014001810c f i libvcruntime:undname.obj
 0001:00017118       ??0Block@_HeapManager@@QEAA@XZ 0000000140018118 f i libvcruntime:undname.obj
 0001:00017124       ??0DName@@QEAA@AEAPEBDD@Z  0000000140018124 f   libvcruntime:undname.obj
 0001:00017200       ??0DName@@QEAA@AEBUStringLiteral@@@Z 0000000140018200 f   libvcruntime:undname.obj
 0001:00017238       ??0DName@@QEAA@AEBV0@@Z    0000000140018238 f i libvcruntime:undname.obj
 0001:0001724c       ??0DName@@QEAA@D@Z         000000014001824c f   libvcruntime:undname.obj
 0001:00017274       ??0DName@@QEAA@PEAV0@@Z    0000000140018274 f   libvcruntime:undname.obj
 0001:00017318       ??0DName@@QEAA@W4DNameStatus@@@Z 0000000140018318 f   libvcruntime:undname.obj
 0001:00017350       ??0DName@@QEAA@XZ          0000000140018350 f i libvcruntime:undname.obj
 0001:00017360       ??0DName@@QEAA@_J@Z        0000000140018360 f   libvcruntime:undname.obj
 0001:00017430       ??0DName@@QEAA@_K@Z        0000000140018430 f   libvcruntime:undname.obj
 0001:000174dc       ??0DNameNode@@IEAA@XZ      00000001400184dc f i libvcruntime:undname.obj
 0001:000174f0       ??0Replicator@@QEAA@XZ     00000001400184f0 f i libvcruntime:undname.obj
 0001:00017504       ??0UnDecorator@@QEAA@PEBDP6APEADJ@ZK@Z 0000000140018504 f i libvcruntime:undname.obj
 0001:00017568       ??0_Nontrivial_dummy_type@std@@QEAA@XZ 0000000140018568 f i libvcruntime:undname.obj
 0001:0001756c       ??0charNode@@QEAA@D@Z      000000014001856c f i libvcruntime:undname.obj
 0001:00017584       ??0pDNameNode@@QEAA@PEAVDName@@@Z 0000000140018584 f   libvcruntime:undname.obj
 0001:000175b4       ??0pairNode@@QEAA@PEBVDNameNode@@0@Z 00000001400185b4 f i libvcruntime:undname.obj
 0001:000175dc       ??2@YAPEAX_KAEAV_HeapManager@@H@Z 00000001400185dc f   libvcruntime:undname.obj
 0001:00017610       ??4DName@@QEAAAEAV0@AEBUStringLiteral@@@Z 0000000140018610 f   libvcruntime:undname.obj
 0001:00017640       ??4DName@@QEAAAEAV0@AEBV0@@Z 0000000140018640 f   libvcruntime:undname.obj
 0001:00017654       ??4DName@@QEAAAEAV0@D@Z    0000000140018654 f i libvcruntime:undname.obj
 0001:0001767c       ??4DName@@QEAAAEAV0@PEAV0@@Z 000000014001867c f   libvcruntime:undname.obj
 0001:00017710       ??4DName@@QEAAAEAV0@W4DNameStatus@@@Z 0000000140018710 f   libvcruntime:undname.obj
 0001:0001774c       ??AReplicator@@QEBA?AVDName@@H@Z 000000014001874c f   libvcruntime:undname.obj
 0001:0001779c       ??B?$optional@_K@std@@QEBA_NXZ 000000014001879c f i libvcruntime:undname.obj
 0001:000177a0       ??D?$_Optional_construct_base@_K@std@@QEGAAAEA_KXZ 00000001400187a0 f i libvcruntime:undname.obj
 0001:000177a4       ??H@YA?AVDName@@AEBUStringLiteral@@AEBV0@@Z 00000001400187a4 f i libvcruntime:undname.obj
 0001:000177e8       ??H@YA?AVDName@@DAEBV0@@Z  00000001400187e8 f i libvcruntime:undname.obj
 0001:0001783c       ??H@YA?AVDName@@W4DNameStatus@@AEBV0@@Z 000000014001883c f i libvcruntime:undname.obj
 0001:00017898       ??HDName@@QEBA?AV0@AEBUStringLiteral@@@Z 0000000140018898 f   libvcruntime:undname.obj
 0001:000178cc       ??HDName@@QEBA?AV0@AEBV0@@Z 00000001400188cc f   libvcruntime:undname.obj
 0001:00017900       ??HDName@@QEBA?AV0@D@Z     0000000140018900 f   libvcruntime:undname.obj
 0001:00017934       ??HDName@@QEBA?AV0@PEAV0@@Z 0000000140018934 f   libvcruntime:undname.obj
 0001:00017968       ??HDName@@QEBA?AV0@W4DNameStatus@@@Z 0000000140018968 f   libvcruntime:undname.obj
 0001:0001799c       ??HStringLiteral@@QEBA?AU0@H@Z 000000014001899c f i libvcruntime:undname.obj
 0001:000179b8       ??YDName@@QEAAAEAV0@AEBUStringLiteral@@@Z 00000001400189b8 f   libvcruntime:undname.obj
 0001:00017a58       ??YDName@@QEAAAEAV0@AEBV0@@Z 0000000140018a58 f   libvcruntime:undname.obj
 0001:00017ac8       ??YDName@@QEAAAEAV0@D@Z    0000000140018ac8 f   libvcruntime:undname.obj
 0001:00017b50       ??YDName@@QEAAAEAV0@PEAV0@@Z 0000000140018b50 f   libvcruntime:undname.obj
 0001:00017c08       ??YDName@@QEAAAEAV0@W4DNameStatus@@@Z 0000000140018c08 f   libvcruntime:undname.obj
 0001:00017c74       ??YReplicator@@QEAAAEAV0@AEBVDName@@@Z 0000000140018c74 f   libvcruntime:undname.obj
 0001:00017ce4       ??_5DName@@QEAAAEAV0@AEBV0@@Z 0000000140018ce4 f   libvcruntime:undname.obj
 0001:00017d00       ??__K_l@@YA?AUStringLiteral@@PEBD_K@Z 0000000140018d00 f i libvcruntime:undname.obj
 0001:00017d10       ?Constructor@_HeapManager@@QEAAXP6APEAX_K@ZP6AXPEAX@Z@Z 0000000140018d10 f i libvcruntime:undname.obj
 0001:00017d2c       ?Destructor@_HeapManager@@QEAAXXZ 0000000140018d2c f i libvcruntime:undname.obj
 0001:00017d88       ?UScore@UnDecorator@@SA?AUStringLiteral@@W4Tokens@@@Z 0000000140018d88 f   libvcruntime:undname.obj
 0001:00017de8       ?composeDeclaration@UnDecorator@@CA?AVDName@@AEBV2@@Z 0000000140018de8 f i libvcruntime:undname.obj
 0001:00019024       ?doAccessSpecifiers@UnDecorator@@SAHXZ 000000014001a024 f i libvcruntime:undname.obj
 0001:00019038       ?doAllocationLanguage@UnDecorator@@SAHXZ 000000014001a038 f i libvcruntime:undname.obj
 0001:0001904c       ?doAllocationModel@UnDecorator@@SAHXZ 000000014001a04c f i libvcruntime:undname.obj
 0001:00019060       ?doEcsu@UnDecorator@@SAHXZ 000000014001a060 f i libvcruntime:undname.obj
 0001:00019074       ?doEllipsis@UnDecorator@@SAHXZ 000000014001a074 f i libvcruntime:undname.obj
 0001:00019088       ?doFunctionReturns@UnDecorator@@SAHXZ 000000014001a088 f i libvcruntime:undname.obj
 0001:0001909c       ?doMSKeywords@UnDecorator@@SAHXZ 000000014001a09c f i libvcruntime:undname.obj
 0001:000190b0       ?doMemberTypes@UnDecorator@@SAHXZ 000000014001a0b0 f i libvcruntime:undname.obj
 0001:000190c4       ?doNameOnly@UnDecorator@@SAHXZ 000000014001a0c4 f i libvcruntime:undname.obj
 0001:000190d4       ?doNoIdentCharCheck@UnDecorator@@SAHXZ 000000014001a0d4 f i libvcruntime:undname.obj
 0001:000190e4       ?doPchar@DName@@AEAAXD@Z   000000014001a0e4 f   libvcruntime:undname.obj
 0001:00019148       ?doPtr64@UnDecorator@@SAHXZ 000000014001a148 f i libvcruntime:undname.obj
 0001:0001915c       ?doRestrictionSpec@UnDecorator@@SAHXZ 000000014001a15c f i libvcruntime:undname.obj
 0001:00019170       ?doThisTypes@UnDecorator@@SAHXZ 000000014001a170 f i libvcruntime:undname.obj
 0001:00019188       ?doThrowTypes@UnDecorator@@SAHXZ 000000014001a188 f i libvcruntime:undname.obj
 0001:0001919c       ?doTypeOnly@UnDecorator@@SAHXZ 000000014001a19c f i libvcruntime:undname.obj
 0001:000191ac       ?doUnderScore@UnDecorator@@SAHXZ 000000014001a1ac f i libvcruntime:undname.obj
 0001:000191bc       ?getAddressOf@UnDecorator@@CA?AVDName@@XZ 000000014001a1bc f   libvcruntime:undname.obj
 0001:00019270       ?getArgumentList@UnDecorator@@CA?AVDName@@XZ 000000014001a270 f   libvcruntime:undname.obj
 0001:00019494       ?getArgumentTypes@UnDecorator@@CA?AVDName@@XZ 000000014001a494 f   libvcruntime:undname.obj
 0001:00019634       ?getArrayAccess@UnDecorator@@CA?AVDName@@XZ 000000014001a634 f   libvcruntime:undname.obj
 0001:000196f4       ?getArrayObject@UnDecorator@@CA?AVDName@@XZ 000000014001a6f4 f   libvcruntime:undname.obj
 0001:000197dc       ?getArrayType@UnDecorator@@CA?AVDName@@AEBV2@@Z 000000014001a7dc f i libvcruntime:undname.obj
 0001:00019ab4       ?getBasedType@UnDecorator@@CA?AVDName@@XZ 000000014001aab4 f   libvcruntime:undname.obj
 0001:00019be8       ?getBasicDataType@UnDecorator@@CA?AVDName@@AEBV2@@Z 000000014001abe8 f   libvcruntime:undname.obj
 0001:0001a368       ?getCHPEName@UnDecorator@@QEAAPEADPEADH@Z 000000014001b368 f i libvcruntime:undname.obj
 0001:0001a4cc       ?getCallIndex@UnDecorator@@CA?AVDName@@XZ 000000014001b4cc f i libvcruntime:undname.obj
 0001:0001a4ec       ?getCallingConvention@UnDecorator@@CA?AVDName@@XZ 000000014001b4ec f   libvcruntime:undname.obj
 0001:0001a68c       ?getDataIndirectType@UnDecorator@@CA?AVDName@@AEBV2@W4IndirectionKind@@0H@Z 000000014001b68c f   libvcruntime:undname.obj
 0001:0001b184       ?getDataIndirectType@UnDecorator@@CA?AVDName@@XZ 000000014001c184 f i libvcruntime:undname.obj
 0001:0001b1cc       ?getDataType@UnDecorator@@CA?AVDName@@PEAV2@@Z 000000014001c1cc f   libvcruntime:undname.obj
 0001:0001b324       ?getDecoratedName@UnDecorator@@CA?AVDName@@XZ 000000014001c324 f   libvcruntime:undname.obj
 0001:0001b6c4       ?getDimension@UnDecorator@@CA?AVDName@@_N@Z 000000014001c6c4 f   libvcruntime:undname.obj
 0001:0001b860       ?getDispatchTarget@UnDecorator@@CA?AVDName@@XZ 000000014001c860 f   libvcruntime:undname.obj
 0001:0001b8c0       ?getDisplacement@UnDecorator@@CA?AVDName@@XZ 000000014001c8c0 f i libvcruntime:undname.obj
 0001:0001b8e0       ?getECSUDataType@UnDecorator@@CA?AVDName@@XZ 000000014001c8e0 f   libvcruntime:undname.obj
 0001:0001bb38       ?getECSUName@UnDecorator@@CA?AVDName@@XZ 000000014001cb38 f i libvcruntime:undname.obj
 0001:0001bb54       ?getEnumType@UnDecorator@@CA?AVDName@@XZ 000000014001cb54 f i libvcruntime:undname.obj
 0001:0001bcd0       ?getExtendedDataIndirectType@UnDecorator@@CA?AVDName@@AEAW4IndirectionKind@@AEA_NH@Z 000000014001ccd0 f   libvcruntime:undname.obj
 0001:0001bf54       ?getExternalDataType@UnDecorator@@CA?AVDName@@AEBV2@@Z 000000014001cf54 f i libvcruntime:undname.obj
 0001:0001c044       ?getFloatingPoint@UnDecorator@@CA?AVDName@@H@Z 000000014001d044 f   libvcruntime:undname.obj
 0001:0001c204       ?getFunctionIndirectType@UnDecorator@@CA?AVDName@@AEBV2@@Z 000000014001d204 f   libvcruntime:undname.obj
 0001:0001c874       ?getGuardNumber@UnDecorator@@CA?AVDName@@XZ 000000014001d874 f i libvcruntime:undname.obj
 0001:0001c894       ?getLastChar@DName@@QEBADXZ 000000014001d894 f i libvcruntime:undname.obj
 0001:0001c8b4       ?getLastChar@DNameStatusNode@@UEBADXZ 000000014001d8b4 f i libvcruntime:undname.obj
 0001:0001c8c4       ?getLastChar@charNode@@UEBADXZ 000000014001d8c4 f i libvcruntime:undname.obj
 0001:0001c8c8       ?getLastChar@pDNameNode@@UEBADXZ 000000014001d8c8 f i libvcruntime:undname.obj
 0001:0001c8fc       ?getLastChar@pairNode@@UEBADXZ 000000014001d8fc f i libvcruntime:undname.obj
 0001:0001c940       ?getLastChar@pcharNode@@UEBADXZ 000000014001d940 f i libvcruntime:undname.obj
 0001:0001c95c       ?getLexicalFrame@UnDecorator@@CA?AVDName@@XZ 000000014001d95c f i libvcruntime:undname.obj
 0001:0001c9d8       ?getMemberAccess@UnDecorator@@CA?AVDName@@XZ 000000014001d9d8 f   libvcruntime:undname.obj
 0001:0001ca90       ?getMemoryWithBuffer@_HeapManager@@QEAAPEAX_K@Z 000000014001da90 f   libvcruntime:undname.obj
 0001:0001cb44       ?getMemoryWithoutBuffer@_HeapManager@@QEAAPEAX_K@Z 000000014001db44 f   libvcruntime:undname.obj
 0001:0001cb5c       ?getNoexcept@UnDecorator@@CA?AVDName@@XZ 000000014001db5c f   libvcruntime:undname.obj
 0001:0001cbd8       ?getNumberOfDimensions@UnDecorator@@CAHXZ 000000014001dbd8 f   libvcruntime:undname.obj
 0001:0001cc5c       ?getOperatorName@UnDecorator@@CA?AVDName@@_NPEA_N@Z 000000014001dc5c f i libvcruntime:undname.obj
 0001:0001d8e8       ?getPointerToMember@UnDecorator@@CA?AVDName@@XZ 000000014001e8e8 f   libvcruntime:undname.obj
 0001:0001da1c       ?getPointerType@UnDecorator@@CA?AVDName@@AEBV2@0@Z 000000014001ea1c f i libvcruntime:undname.obj
 0001:0001da40       ?getPointerTypeArray@UnDecorator@@CA?AVDName@@AEBV2@0@Z 000000014001ea40 f i libvcruntime:undname.obj
 0001:0001da60       ?getPrimaryDataType@UnDecorator@@CA?AVDName@@AEBV2@@Z 000000014001ea60 f   libvcruntime:undname.obj
 0001:0001ddc8       ?getPtrRefDataType@UnDecorator@@CA?AVDName@@AEBV2@H@Z 000000014001edc8 f   libvcruntime:undname.obj
 0001:0001e008       ?getPtrRefType@UnDecorator@@CA?AVDName@@AEBV2@0W4IndirectionKind@@@Z 000000014001f008 f   libvcruntime:undname.obj
 0001:0001e254       ?getReferenceType@UnDecorator@@CA?AVDName@@AEBV2@0W4IndirectionKind@@@Z 000000014001f254 f i libvcruntime:undname.obj
 0001:0001e270       ?getRestrictionSpec@UnDecorator@@CA?AVDName@@XZ 000000014001f270 f   libvcruntime:undname.obj
 0001:0001e4c0       ?getReturnType@UnDecorator@@CA?AVDName@@PEAV2@@Z 000000014001f4c0 f   libvcruntime:undname.obj
 0001:0001e504       ?getScope@UnDecorator@@CA?AVDName@@XZ 000000014001f504 f   libvcruntime:undname.obj
 0001:0001eaec       ?getScopedName@UnDecorator@@CA?AVDName@@XZ 000000014001faec f   libvcruntime:undname.obj
 0001:0001ec78       ?getSignedDimension@UnDecorator@@CA?AVDName@@XZ 000000014001fc78 f   libvcruntime:undname.obj
 0001:0001ed20       ?getStorageConvention@UnDecorator@@CA?AVDName@@XZ 000000014001fd20 f i libvcruntime:undname.obj
 0001:0001ed68       ?getString@DName@@QEBAPEADPEAD0@Z 000000014001fd68 f i libvcruntime:undname.obj
 0001:0001ed88       ?getString@DName@@QEBAPEADPEADH@Z 000000014001fd88 f i libvcruntime:undname.obj
 0001:0001ee40       ?getString@DNameStatusNode@@UEBAPEADPEAD0@Z 000000014001fe40 f i libvcruntime:undname.obj
 0001:0001ee98       ?getString@charNode@@UEBAPEADPEAD0@Z 000000014001fe98 f i libvcruntime:undname.obj
 0001:0001eeb0       ?getString@pDNameNode@@UEBAPEADPEAD0@Z 000000014001feb0 f i libvcruntime:undname.obj
 0001:0001eee8       ?getString@pairNode@@UEBAPEADPEAD0@Z 000000014001fee8 f i libvcruntime:undname.obj
 0001:0001ef48       ?getString@pcharNode@@UEBAPEADPEAD0@Z 000000014001ff48 f i libvcruntime:undname.obj
 0001:0001ef8c       ?getStringEncoding@UnDecorator@@CA?AVDName@@W4PrefixKind@@H@Z 000000014001ff8c f   libvcruntime:undname.obj
 0001:0001f0b8       ?getStringHelper@@YAPEADPEADPEBD1H@Z 00000001400200b8 f i libvcruntime:undname.obj
 0001:0001f0f0       ?getStringObject@UnDecorator@@CA?AVDName@@XZ 00000001400200f0 f   libvcruntime:undname.obj
 0001:0001f174       ?getSymbolName@UnDecorator@@CA?AVDName@@XZ 0000000140020174 f i libvcruntime:undname.obj
 0001:0001f1d4       ?getTemplateArgumentList@UnDecorator@@CA?AVDName@@XZ 00000001400201d4 f   libvcruntime:undname.obj
 0001:0001f478       ?getTemplateName@UnDecorator@@CA?AVDName@@_N@Z 0000000140020478 f   libvcruntime:undname.obj
 0001:0001f7b0       ?getTemplateNonTypeArgument@UnDecorator@@CA?AVDName@@XZ 00000001400207b0 f   libvcruntime:undname.obj
 0001:0001fe54       ?getTemplateTypeArgument@UnDecorator@@CA?AVDName@@XZ 0000000140020e54 f   libvcruntime:undname.obj
 0001:00020018       ?getThisType@UnDecorator@@CA?AVDName@@XZ 0000000140021018 f i libvcruntime:undname.obj
 0001:00020068       ?getThrowTypes@UnDecorator@@CA?AVDName@@XZ 0000000140021068 f   libvcruntime:undname.obj
 0001:00020094       ?getTypeEncoding@UnDecorator@@CAHXZ 0000000140021094 f i libvcruntime:undname.obj
 0001:00020514       ?getUndecoratedName@UnDecorator@@QEAAPEADPEADH@Z 0000000140021514 f i libvcruntime:undname.obj
 0001:000206bc       ?getUnionObject@UnDecorator@@CA?AVDName@@XZ 00000001400216bc f   libvcruntime:undname.obj
 0001:000207c8       ?getVCallThunkType@UnDecorator@@CA?AVDName@@XZ 00000001400217c8 f i libvcruntime:undname.obj
 0001:0002085c       ?getValue@UnDecorator@@CA?AV?$optional@_K@std@@XZ 000000014002185c f   libvcruntime:undname.obj
 0001:000208ec       ?getValueObject@UnDecorator@@CA?AVDName@@XZ 00000001400218ec f   libvcruntime:undname.obj
 0001:00020a7c       ?getVbTableType@UnDecorator@@CA?AVDName@@AEBV2@@Z 0000000140021a7c f i libvcruntime:undname.obj
 0001:00020a98       ?getVdispMapType@UnDecorator@@CA?AVDName@@AEBV2@@Z 0000000140021a98 f i libvcruntime:undname.obj
 0001:00020b34       ?getVfTableType@UnDecorator@@CA?AVDName@@AEBV2@@Z 0000000140021b34 f i libvcruntime:undname.obj
 0001:00020dc0       ?getZName@UnDecorator@@CA?AVDName@@_N0@Z 0000000140021dc0 f   libvcruntime:undname.obj
 0001:00021158       ?haveTemplateParameters@UnDecorator@@SAHXZ 0000000140022158 f i libvcruntime:undname.obj
 0001:00021168       ?isArray@DName@@QEBAHXZ    0000000140022168 f i libvcruntime:undname.obj
 0001:00021174       ?isComArray@DName@@QEBAHXZ 0000000140022174 f i libvcruntime:undname.obj
 0001:00021180       ?isEmpty@DName@@QEBAHXZ    0000000140022180 f i libvcruntime:undname.obj
 0001:0002118c       ?isFull@Replicator@@QEBAHXZ 000000014002218c f i libvcruntime:undname.obj
 0001:00021198       ?isNoTE@DName@@QEBAHXZ     0000000140022198 f i libvcruntime:undname.obj
 0001:000211a4       ?isPinPtr@DName@@QEBAHXZ   00000001400221a4 f i libvcruntime:undname.obj
 0001:000211b0       ?isPtrRef@DName@@QEBAHXZ   00000001400221b0 f i libvcruntime:undname.obj
 0001:000211bc       ?isUDC@DName@@QEBAHXZ      00000001400221bc f i libvcruntime:undname.obj
 0001:000211d8       ?isUDTThunk@DName@@QEBAHXZ 00000001400221d8 f i libvcruntime:undname.obj
 0001:000211f4       ?isVCallThunk@DName@@QEBAHXZ 00000001400221f4 f i libvcruntime:undname.obj
 0001:00021200       ?isValid@DName@@QEBAHXZ    0000000140022200 f i libvcruntime:undname.obj
 0001:0002120c       ?length@DName@@QEBAHXZ     000000014002220c f i libvcruntime:undname.obj
 0001:0002122c       ?length@DNameStatusNode@@UEBAHXZ 000000014002222c f i libvcruntime:undname.obj
 0001:00021230       ?length@charNode@@UEBAHXZ  0000000140022230 f i libvcruntime:undname.obj
 0001:00021238       ?length@pDNameNode@@UEBAHXZ 0000000140022238 f i libvcruntime:undname.obj
 0001:0002126c       ?length@pairNode@@UEBAHXZ  000000014002226c f i libvcruntime:undname.obj
 0001:000212c4       ?length@pcharNode@@UEBAHXZ 00000001400222c4 f i libvcruntime:undname.obj
 0001:000212c8       ?make@DNameStatusNode@@SAPEBV1@W4DNameStatus@@@Z 00000001400222c8 f i libvcruntime:undname.obj
 0001:000212f0       ?parseDecoratedName@UnDecorator@@CA?AVDName@@XZ 00000001400222f0 f   libvcruntime:undname.obj
 0001:00021448       ?raw_length@DNameStatusNode@@UEBAHXZ 0000000140022448 f i libvcruntime:undname.obj
 0001:0002144c       ?raw_length@charNode@@UEBAHXZ 000000014002244c f i libvcruntime:undname.obj
 0001:00021454       ?raw_length@pDNameNode@@UEBAHXZ 0000000140022454 f i libvcruntime:undname.obj
 0001:00021458       ?raw_length@pairNode@@UEBAHXZ 0000000140022458 f i libvcruntime:undname.obj
 0001:0002145c       ?raw_length@pcharNode@@UEBAHXZ 000000014002245c f i libvcruntime:undname.obj
 0001:00021460       ?setIsArray@DName@@QEAAXXZ 0000000140022460 f i libvcruntime:undname.obj
 0001:00021468       ?setIsComArray@DName@@QEAAXXZ 0000000140022468 f i libvcruntime:undname.obj
 0001:00021470       ?setIsNoTE@DName@@QEAAXXZ  0000000140022470 f i libvcruntime:undname.obj
 0001:00021478       ?setIsPinPtr@DName@@QEAAXXZ 0000000140022478 f i libvcruntime:undname.obj
 0001:00021480       ?setIsUDC@DName@@QEAAXXZ   0000000140022480 f i libvcruntime:undname.obj
 0001:00021490       ?setIsVCallThunk@DName@@QEAAXXZ 0000000140022490 f i libvcruntime:undname.obj
 0001:00021498       ?setPtrRef@DName@@QEAAAEAV1@XZ 0000000140022498 f i libvcruntime:undname.obj
 0001:000214a4       ?status@DName@@QEBA?AW4DNameStatus@@XZ 00000001400224a4 f i libvcruntime:undname.obj
 0001:0002151c       __unDName                  000000014002251c f   libvcruntime:undname.obj
 0001:0002154c       __unDNameEx                000000014002254c f   libvcruntime:undname.obj
 0001:000216cc       _vsprintf_s_l              00000001400226cc f i libvcruntime:undname.obj
 0001:00021748       snprintf                   0000000140022748 f i libvcruntime:undname.obj
 0001:000217b4       sprintf_s                  00000001400227b4 f i libvcruntime:undname.obj
 0001:0002181c       unDNameGenerateCHPE        000000014002281c f   libvcruntime:undname.obj
 0001:00021964       vsnprintf                  0000000140022964 f i libvcruntime:undname.obj
 0001:000219e0       ??$__crt_interlocked_exchange_pointer@UHINSTANCE__@@PEAU1@@@YAPEAUHINSTANCE__@@PEDSEAU0@QEAU0@@Z 00000001400229e0 f i libvcruntime:winapi_downlevel.obj
 0001:000219e8       ??$__crt_interlocked_exchange_pointer@UHINSTANCE__@@PEAX@@YAPEAUHINSTANCE__@@PEDSEAU0@QEAX@Z 00000001400229e8 f i libvcruntime:winapi_downlevel.obj
 0001:000219f0       ??$__crt_interlocked_exchange_pointer@XPEAX@@YAPEAXPEDSEAXQEAX@Z 00000001400229f0 f i libvcruntime:winapi_downlevel.obj
 0001:000219f8       ??$__crt_interlocked_read_pointer@UHINSTANCE__@@@@YAPEAUHINSTANCE__@@PEDSEAU0@@Z 00000001400229f8 f i libvcruntime:winapi_downlevel.obj
 0001:00021a00       ??$__crt_interlocked_read_pointer@X@@YAPEAXPEDSEAX@Z 0000000140022a00 f i libvcruntime:winapi_downlevel.obj
 0001:00022088       __vcrt_FlsAlloc            0000000140023088 f   libvcruntime:winapi_downlevel.obj
 0001:000220e0       __vcrt_FlsFree             00000001400230e0 f   libvcruntime:winapi_downlevel.obj
 0001:00022138       __vcrt_FlsGetValue         0000000140023138 f   libvcruntime:winapi_downlevel.obj
 0001:00022190       __vcrt_FlsSetValue         0000000140023190 f   libvcruntime:winapi_downlevel.obj
 0001:000221f8       __vcrt_InitializeCriticalSectionEx 00000001400231f8 f   libvcruntime:winapi_downlevel.obj
 0001:00022274       ??$__crt_interlocked_exchange_pointer@$$A6AXXZP6AXXZ@@YAP6AXXZPEDS6AXXZQ6AXXZ@Z 0000000140023274 f i libvcruntime:purevirt.obj
 0001:0002227c       ??$__crt_interlocked_read_pointer@$$A6AXXZ@@YAP6AXXZPEDS6AXXZ@Z 000000014002327c f i libvcruntime:purevirt.obj
 0001:00022284       _get_purecall_handler      0000000140023284 f   libvcruntime:purevirt.obj
 0001:00022290       _purecall                  0000000140023290 f   libvcruntime:purevirt.obj
 0001:000222b0       _set_purecall_handler      00000001400232b0 f   libvcruntime:purevirt.obj
 0001:000222c0       ??$?0AEAViterator@TryBlockMap4@FH4@@AEAV012@$0A@@?$pair@Viterator@TryBlockMap4@FH4@@V123@@std@@QEAA@AEAViterator@TryBlockMap4@FH4@@0@Z 00000001400232c0 f i libvcruntime:risctrnsctrl.obj
 0001:000222dc       ??$?0AEAViterator@TryBlockMap@__FrameHandler3@@AEAV012@$0A@@?$pair@Viterator@TryBlockMap@__FrameHandler3@@V123@@std@@QEAA@AEAViterator@TryBlockMap@__FrameHandler3@@0@Z 00000001400232dc f i libvcruntime:risctrnsctrl.obj
 0001:00022484       ??$_CallSETranslator@V__FrameHandler3@@@@YAHPEAUEHExceptionRecord@@PEA_KPEAU_CONTEXT@@PEAU_xDISPATCHER_CONTEXT@@PEBU_s_FuncInfo@@K1H@Z 0000000140023484 f i libvcruntime:risctrnsctrl.obj
 0001:000224ec       ??$_CallSETranslator@V__FrameHandler4@@@@YAHPEAUEHExceptionRecord@@PEA_KPEAU_CONTEXT@@PEAU_xDISPATCHER_CONTEXT@@PEAUFuncInfo4@FH4@@K1H@Z 00000001400234ec f i libvcruntime:risctrnsctrl.obj
 0001:00022554       ??$forward@AEAViterator@TryBlockMap4@FH4@@@std@@YAAEAViterator@TryBlockMap4@FH4@@AEAV123@@Z 0000000140023554 f i libvcruntime:risctrnsctrl.obj
 0001:00022558       ??$forward@AEAViterator@TryBlockMap@__FrameHandler3@@@std@@YAAEAViterator@TryBlockMap@__FrameHandler3@@AEAV123@@Z 0000000140023558 f i libvcruntime:risctrnsctrl.obj
 0001:0002255c       ??0FuncInfo4@FH4@@QEAA@XZ  000000014002355c f i libvcruntime:risctrnsctrl.obj
 0001:00022574       ??0FuncInfoHeader@FH4@@QEAA@XZ 0000000140023574 f i libvcruntime:risctrnsctrl.obj
 0001:0002257c       ??0iterator@TryBlockMap4@FH4@@QEAA@AEAV12@I@Z 000000014002357c f i libvcruntime:risctrnsctrl.obj
 0001:0002258c       ??0iterator@TryBlockMap@__FrameHandler3@@QEAA@AEAV12@I@Z 000000014002358c f i libvcruntime:risctrnsctrl.obj
 0001:0002259c       ??4iterator@TryBlockMap4@FH4@@QEAAAEAV012@AEBV012@@Z 000000014002359c f i libvcruntime:risctrnsctrl.obj
 0001:000225a8       ??9iterator@TryBlockMap4@FH4@@QEBA_NAEBV012@@Z 00000001400235a8 f i libvcruntime:risctrnsctrl.obj
 0001:000225b4       ??Diterator@TryBlockMap4@FH4@@QEAA?AUTryBlockMapEntry4@2@XZ 00000001400235b4 f i libvcruntime:risctrnsctrl.obj
 0001:000225c8       ??Eiterator@TryBlockMap4@FH4@@QEAAAEAV012@XZ 00000001400235c8 f i libvcruntime:risctrnsctrl.obj
 0001:0002268c       ?CatchTryBlock@__FrameHandler3@@SAPEBU_s_TryBlockMapEntry@@PEBU_s_FuncInfo@@H@Z 000000014002368c f   libvcruntime:risctrnsctrl.obj
 0001:00022708       ?DecompFuncInfo@FH4@@YA_JPEAEAEAUFuncInfo4@1@_KH@Z 0000000140023708 f i libvcruntime:risctrnsctrl.obj
 0001:00022720       ?DecompFuncInfo@FH4@@YA_JPEAEAEAUFuncInfo4@1@_KH_N@Z 0000000140023720 f i libvcruntime:risctrnsctrl.obj
 0001:0002288c       ?DecompTryBlock@TryBlockMap4@FH4@@AEAAXXZ 000000014002388c f i libvcruntime:risctrnsctrl.obj
 0001:00022944       ?ExecutionInCatch@__FrameHandler3@@SA_NPEAU_xDISPATCHER_CONTEXT@@PEBU_s_FuncInfo@@@Z 0000000140023944 f   libvcruntime:risctrnsctrl.obj
 0001:00022978       ?ExecutionInCatch@__FrameHandler4@@SA_NPEAU_xDISPATCHER_CONTEXT@@PEAUFuncInfo4@FH4@@@Z 0000000140023978 f   libvcruntime:risctrnsctrl.obj
 0001:00022980       ?FrameUnwindToEmptyState@__FrameHandler3@@SAXPEA_KPEAU_xDISPATCHER_CONTEXT@@PEBU_s_FuncInfo@@@Z 0000000140023980 f   libvcruntime:risctrnsctrl.obj
 0001:00022a00       ?FrameUnwindToEmptyState@__FrameHandler4@@SAXPEA_KPEAU_xDISPATCHER_CONTEXT@@PEAUFuncInfo4@FH4@@@Z 0000000140023a00 f   libvcruntime:risctrnsctrl.obj
 0001:00022a40       ?GetEstablisherFrame@__FrameHandler3@@SAPEA_KPEA_KPEAU_xDISPATCHER_CONTEXT@@PEBU_s_FuncInfo@@0@Z 0000000140023a40 f   libvcruntime:risctrnsctrl.obj
 0001:00022b40       ?GetEstablisherFrame@__FrameHandler4@@SAPEA_KPEA_KPEAU_xDISPATCHER_CONTEXT@@PEAUFuncInfo4@FH4@@0@Z 0000000140023b40 f   libvcruntime:risctrnsctrl.obj
 0001:00022b6c       ?GetRangeOfTrysToCheck@__FrameHandler3@@SA?AU?$pair@Viterator@TryBlockMap@__FrameHandler3@@V123@@std@@AEAVTryBlockMap@1@HPEAU_xDISPATCHER_CONTEXT@@PEBU_s_FuncInfo@@H@Z 0000000140023b6c f   libvcruntime:risctrnsctrl.obj
 0001:00022cfc       ?GetRangeOfTrysToCheck@__FrameHandler4@@SA?AU?$pair@Viterator@TryBlockMap4@FH4@@V123@@std@@AEAVTryBlockMap4@FH4@@HPEAU_xDISPATCHER_CONTEXT@@PEAUFuncInfo4@5@H@Z 0000000140023cfc f   libvcruntime:risctrnsctrl.obj
 0001:00022ec0       ?ReadInt@FH4@@YAHPEAPEAE@Z 0000000140023ec0 f i libvcruntime:risctrnsctrl.obj
 0001:00022ed0       ?ReadUnsigned@FH4@@YAIPEAPEAE@Z 0000000140023ed0 f i libvcruntime:risctrnsctrl.obj
 0001:00022f0c       ?UnwindNestedFrames@__FrameHandler3@@SAXPEA_KPEAUEHExceptionRecord@@PEAU_CONTEXT@@0PEAXPEBU_s_FuncInfo@@HHPEBU_s_HandlerType@@PEAU_xDISPATCHER_CONTEXT@@E@Z 0000000140023f0c f   libvcruntime:risctrnsctrl.obj
 0001:00023050       ?UnwindNestedFrames@__FrameHandler4@@SAXPEA_KPEAUEHExceptionRecord@@PEAU_CONTEXT@@0PEAXPEAUFuncInfo4@FH4@@HHPEAUHandlerType4@5@PEAU_xDISPATCHER_CONTEXT@@E@Z 0000000140024050 f   libvcruntime:risctrnsctrl.obj
 0001:000231b8       ?begin@TryBlockMap4@FH4@@QEAA?AViterator@12@XZ 00000001400241b8 f i libvcruntime:risctrnsctrl.obj
 0001:000231c8       ?end@TryBlockMap4@FH4@@QEAA?AViterator@12@XZ 00000001400241c8 f i libvcruntime:risctrnsctrl.obj
 0001:000231d8       ?imageRelToByteBuffer@FH4@@YAPEAE_KH@Z 00000001400241d8 f i libvcruntime:risctrnsctrl.obj
 0001:000231e0       ?incrementToSentinel@iterator@TryBlockMap4@FH4@@QEAAXXZ 00000001400241e0 f i libvcruntime:risctrnsctrl.obj
 0001:000231e4       ?setBuffer@TryBlockMap4@FH4@@QEAAXViterator@12@@Z 00000001400241e4 f i libvcruntime:risctrnsctrl.obj
 0001:00023418       _CreateFrameInfo           0000000140024418 f   libvcruntime:risctrnsctrl.obj
 0001:00023460       _FindAndUnlinkFrame        0000000140024460 f   libvcruntime:risctrnsctrl.obj
 0001:000234c8       _GetImageBase              00000001400244c8 f   libvcruntime:risctrnsctrl.obj
 0001:000234e0       _GetThrowImageBase         00000001400244e0 f   libvcruntime:risctrnsctrl.obj
 0001:000234f8       _SetImageBase              00000001400244f8 f   libvcruntime:risctrnsctrl.obj
 0001:00023518       _SetThrowImageBase         0000000140024518 f   libvcruntime:risctrnsctrl.obj
 0001:00023538       __CxxFrameHandler          0000000140024538 f   libvcruntime:risctrnsctrl.obj
 0001:00023540       __CxxFrameHandler2         0000000140024540 f   libvcruntime:risctrnsctrl.obj
 0001:00023548       __CxxFrameHandler3         0000000140024548 f   libvcruntime:risctrnsctrl.obj
 0001:000235f0       __CxxFrameHandler4         00000001400245f0 f   libvcruntime:risctrnsctrl.obj
 0001:000236f0       memcpy_repmovs             00000001400246f0 f   libvcruntime:memcpy.obj
 0001:00023710       memcpy                     0000000140024710 f   libvcruntime:memcpy.obj
 0001:00023710       memmove                    0000000140024710 f   libvcruntime:memcpy.obj
 0001:00023f30       ?GetCurrentState@__FrameHandler3@@SAHPEA_KPEAU_xDISPATCHER_CONTEXT@@PEBU_s_FuncInfo@@@Z 0000000140024f30 f   libvcruntime:ehstate.obj
 0001:00023f60       ?GetUnwindTryBlock@__FrameHandler3@@SAHPEA_KPEAU_xDISPATCHER_CONTEXT@@PEBU_s_FuncInfo@@@Z 0000000140024f60 f   libvcruntime:ehstate.obj
 0001:00023f94       ?SetState@__FrameHandler3@@SAXPEA_KPEBU_s_FuncInfo@@H@Z 0000000140024f94 f   libvcruntime:ehstate.obj
 0001:00023fa4       ?SetUnwindTryBlock@__FrameHandler3@@SAXPEA_KPEAU_xDISPATCHER_CONTEXT@@PEBU_s_FuncInfo@@H@Z 0000000140024fa4 f   libvcruntime:ehstate.obj
 0001:00023ff0       ?StateFromControlPc@__FrameHandler3@@SAHPEBU_s_FuncInfo@@PEAU_xDISPATCHER_CONTEXT@@@Z 0000000140024ff0 f   libvcruntime:ehstate.obj
 0001:00023ffc       ?StateFromControlPc@__FrameHandler4@@SAHPEAUFuncInfo4@FH4@@PEAU_xDISPATCHER_CONTEXT@@@Z 0000000140024ffc f   libvcruntime:ehstate.obj
 0001:00024008       ?StateFromIp@__FrameHandler3@@SAHPEBU_s_FuncInfo@@PEAU_xDISPATCHER_CONTEXT@@_K@Z 0000000140025008 f   libvcruntime:ehstate.obj
 0001:00024088       ?StateFromIp@__FrameHandler4@@SAHPEAUFuncInfo4@FH4@@PEAU_xDISPATCHER_CONTEXT@@_K@Z 0000000140025088 f   libvcruntime:ehstate.obj
 0001:000241b0       ?__FuncRelToRealOffset@@YA_KPEAU_xDISPATCHER_CONTEXT@@I@Z 00000001400251b0 f i libvcruntime:ehstate.obj
 0001:000241c4       ?__RVAtoRealOffset@@YA_KPEAU_xDISPATCHER_CONTEXT@@H@Z 00000001400251c4 f i libvcruntime:ehstate.obj
 0001:00025d60       ??$TypeMatchHelper@V__FrameHandler3@@@@YAHPEBU_s_HandlerType@@PEBU_s_CatchableType@@PEBU_s_ThrowInfo@@@Z 0000000140026d60 f i libvcruntime:frame.obj
 0001:00025eec       ??$TypeMatchHelper@V__FrameHandler4@@@@YAHPEAUHandlerType4@FH4@@PEBU_s_CatchableType@@PEBU_s_ThrowInfo@@@Z 0000000140026eec f i libvcruntime:frame.obj
 0001:00026080       ??$__InternalCxxFrameHandler@V__FrameHandler3@@@@YA?AW4_EXCEPTION_DISPOSITION@@PEAUEHExceptionRecord@@PEA_KPEAU_CONTEXT@@PEAU_xDISPATCHER_CONTEXT@@PEBU_s_FuncInfo@@H1E@Z 0000000140027080 f i libvcruntime:frame.obj
 0001:00026344       ??$__InternalCxxFrameHandler@V__FrameHandler4@@@@YA?AW4_EXCEPTION_DISPOSITION@@PEAUEHExceptionRecord@@PEA_KPEAU_CONTEXT@@PEAU_xDISPATCHER_CONTEXT@@PEAUFuncInfo4@FH4@@H1E@Z 0000000140027344 f i libvcruntime:frame.obj
 0001:00026680       ??0HandlerMap4@FH4@@QEAA@PEBUTryBlockMapEntry4@1@_KH@Z 0000000140027680 f i libvcruntime:frame.obj
 0001:00026718       ??0HandlerMap@__FrameHandler3@@QEAA@PEBU_s_TryBlockMapEntry@@_KI@Z 0000000140027718 f i libvcruntime:frame.obj
 0001:00026734       ??0HandlerType4@FH4@@QEAA@XZ 0000000140027734 f i libvcruntime:frame.obj
 0001:00026750       ??0TryBlockMap4@FH4@@QEAA@PEBUFuncInfo4@1@_K@Z 0000000140027750 f i libvcruntime:frame.obj
 0001:0002685c       ??0TryBlockMap@__FrameHandler3@@QEAA@PEBU_s_FuncInfo@@_K@Z 000000014002785c f i libvcruntime:frame.obj
 0001:0002686c       ??0UWMap4@FH4@@QEAA@PEBUFuncInfo4@1@_K@Z 000000014002786c f i libvcruntime:frame.obj
 0001:000268c0       ??0bad_exception@std@@QEAA@AEBV01@@Z 00000001400278c0 f i libvcruntime:frame.obj
 0001:0002690c       ??0bad_exception@std@@QEAA@XZ 000000014002790c f i libvcruntime:frame.obj
 0001:00026934       ??0exception@std@@QEAA@AEBV01@@Z 0000000140027934 f i libvcruntime:frame.obj
 0001:00026974       ??0exception@std@@QEAA@QEBDH@Z 0000000140027974 f i libvcruntime:frame.obj
 0001:00026990       ??0iterator@HandlerMap4@FH4@@QEAA@AEAV12@I@Z 0000000140027990 f i libvcruntime:frame.obj
 0001:000269a0       ??0iterator@HandlerMap@__FrameHandler3@@QEAA@AEAV12@I@Z 00000001400279a0 f i libvcruntime:frame.obj
 0001:000269b0       ??0iterator@UWMap4@FH4@@QEAA@AEAV12@PEAE@Z 00000001400279b0 f i libvcruntime:frame.obj
 0001:000269c0       ??1bad_exception@std@@UEAA@XZ 00000001400279c0 f i libvcruntime:frame.obj
 0001:000269d8       ??1exception@std@@UEAA@XZ  00000001400279d8 f i libvcruntime:frame.obj
 0001:000269f0       ??4iterator@UWMap4@FH4@@QEAAAEAV012@AEBV012@@Z 00000001400279f0 f i libvcruntime:frame.obj
 0001:00026a18       ??8iterator@HandlerMap4@FH4@@QEBA_NAEBV012@@Z 0000000140027a18 f i libvcruntime:frame.obj
 0001:00026a24       ??8iterator@HandlerMap@__FrameHandler3@@QEBA_NAEBV012@@Z 0000000140027a24 f i libvcruntime:frame.obj
 0001:00026a30       ??8type_info@@QEBA_NAEBV0@@Z 0000000140027a30 f i libvcruntime:frame.obj
 0001:00026a54       ??9iterator@HandlerMap4@FH4@@QEBA_NAEBV012@@Z 0000000140027a54 f i libvcruntime:frame.obj
 0001:00026a60       ??9iterator@HandlerMap@__FrameHandler3@@QEBA_NAEBV012@@Z 0000000140027a60 f i libvcruntime:frame.obj
 0001:00026a6c       ??Diterator@HandlerMap4@FH4@@QEAA?AUHandlerType4@2@XZ 0000000140027a6c f i libvcruntime:frame.obj
 0001:00026a94       ??Diterator@HandlerMap@__FrameHandler3@@QEAA?BU_s_HandlerType@@XZ 0000000140027a94 f i libvcruntime:frame.obj
 0001:00026ac0       ??Diterator@TryBlockMap@__FrameHandler3@@QEAA?BU_s_TryBlockMapEntry@@XZ 0000000140027ac0 f i libvcruntime:frame.obj
 0001:00026af8       ??Diterator@UWMap4@FH4@@QEAA?AUUnwindMapEntry4@2@XZ 0000000140027af8 f i libvcruntime:frame.obj
 0001:00026b60       ??Eiterator@HandlerMap4@FH4@@QEAAAEAV012@XZ 0000000140027b60 f i libvcruntime:frame.obj
 0001:00026b84       ??Eiterator@HandlerMap@__FrameHandler3@@QEAAAEAV012@XZ 0000000140027b84 f i libvcruntime:frame.obj
 0001:00026b8c       ??Eiterator@TryBlockMap@__FrameHandler3@@QEAAAEAV012@XZ 0000000140027b8c f i libvcruntime:frame.obj
 0001:00026b94       ??Eiterator@UWMap4@FH4@@QEAAAEAV012@XZ 0000000140027b94 f i libvcruntime:frame.obj
 0001:00026bbc       ??Giterator@UWMap4@FH4@@QEBA_JAEBV012@@Z 0000000140027bbc f i libvcruntime:frame.obj
 0001:00026bc8       ??Miterator@TryBlockMap4@FH4@@QEBA_NAEBV012@@Z 0000000140027bc8 f i libvcruntime:frame.obj
 0001:00026bd4       ??Miterator@TryBlockMap@__FrameHandler3@@QEBA_NAEBV012@@Z 0000000140027bd4 f i libvcruntime:frame.obj
 0001:00026be0       ??Oiterator@UWMap4@FH4@@QEBA_NAEBV012@@Z 0000000140027be0 f i libvcruntime:frame.obj
 0001:00026bf0       ??Piterator@UWMap4@FH4@@QEBA_NAEBV012@@Z 0000000140027bf0 f i libvcruntime:frame.obj
 0001:00026c00       ??_Ebad_exception@std@@UEAAPEAXI@Z 0000000140027c00 f i libvcruntime:frame.obj
 0001:00026c00       ??_Gbad_exception@std@@UEAAPEAXI@Z 0000000140027c00 f i libvcruntime:frame.obj
 0001:00026c54       ??_Eexception@std@@UEAAPEAXI@Z 0000000140027c54 f i libvcruntime:frame.obj
 0001:00026c54       ??_Gexception@std@@UEAAPEAXI@Z 0000000140027c54 f i libvcruntime:frame.obj
 0001:00026ca8       ?BuildCatchObject@__FrameHandler3@@SAXPEAUEHExceptionRecord@@PEAXPEBU_s_HandlerType@@PEBU_s_CatchableType@@@Z 0000000140027ca8 f   libvcruntime:frame.obj
 0001:00026cb0       ?BuildCatchObject@__FrameHandler4@@SAXPEAUEHExceptionRecord@@PEAXPEAUHandlerType4@FH4@@PEBU_s_CatchableType@@@Z 0000000140027cb0 f   libvcruntime:frame.obj
 0001:00026cb8       ?BuildCatchObjectHelper@__FrameHandler3@@SAHPEAUEHExceptionRecord@@PEAXPEBU_s_HandlerType@@PEBU_s_CatchableType@@@Z 0000000140027cb8 f   libvcruntime:frame.obj
 0001:00026cc0       ?BuildCatchObjectHelper@__FrameHandler4@@SAHPEAUEHExceptionRecord@@PEAXPEAUHandlerType4@FH4@@PEBU_s_CatchableType@@@Z 0000000140027cc0 f   libvcruntime:frame.obj
 0001:00026cc8       ?CxxCallCatchBlock@__FrameHandler3@@SAPEAXPEAU_EXCEPTION_RECORD@@@Z 0000000140027cc8 f   libvcruntime:frame.obj
 0001:00026f2c       ?CxxCallCatchBlock@__FrameHandler4@@SAPEAXPEAU_EXCEPTION_RECORD@@@Z 0000000140027f2c f   libvcruntime:frame.obj
 0001:00027210       ?DecompHandler@HandlerMap4@FH4@@AEAAXXZ 0000000140028210 f i libvcruntime:frame.obj
 0001:000274f0       ?FrameUnwindToState@__FrameHandler3@@SAXPEA_KPEAU_xDISPATCHER_CONTEXT@@PEBU_s_FuncInfo@@H@Z 00000001400284f0 f   libvcruntime:frame.obj
 0001:000276dc       ?FrameUnwindToState@__FrameHandler4@@SAXPEA_KPEAU_xDISPATCHER_CONTEXT@@PEAUFuncInfo4@FH4@@H@Z 00000001400286dc f   libvcruntime:frame.obj
 0001:00027a94       ?GetHandlerSearchState@__FrameHandler3@@SAHPEA_KPEAU_xDISPATCHER_CONTEXT@@PEBU_s_FuncInfo@@@Z 0000000140028a94 f i libvcruntime:frame.obj
 0001:00027b50       ?GetHandlerSearchState@__FrameHandler4@@SAHPEA_KPEAU_xDISPATCHER_CONTEXT@@PEAUFuncInfo4@FH4@@@Z 0000000140028b50 f i libvcruntime:frame.obj
 0001:00027bcc       ?GetMaxState@__FrameHandler3@@SAHPEAU_xDISPATCHER_CONTEXT@@PEBU_s_FuncInfo@@@Z 0000000140028bcc f i libvcruntime:frame.obj
 0001:00027bd0       ?GetMaxState@__FrameHandler4@@SAHPEAU_xDISPATCHER_CONTEXT@@PEAUFuncInfo4@FH4@@@Z 0000000140028bd0 f i libvcruntime:frame.obj
 0001:00027dec       ?ReadEntry@UWMap4@FH4@@AEAAXPEAPEAE@Z 0000000140028dec f i libvcruntime:frame.obj
 0001:00027eb0       ?TypeMatch@__FrameHandler3@@SAHPEBU_s_HandlerType@@PEBU_s_CatchableType@@PEBU_s_ThrowInfo@@@Z 0000000140028eb0 f   libvcruntime:frame.obj
 0001:00027eb8       ?TypeMatch@__FrameHandler4@@SAHPEAUHandlerType4@FH4@@PEBU_s_CatchableType@@PEBU_s_ThrowInfo@@@Z 0000000140028eb8 f   libvcruntime:frame.obj
 0001:00027ec0       ?WalkBack@UWMap4@FH4@@AEAAXPEAPEAE@Z 0000000140028ec0 f i libvcruntime:frame.obj
 0001:00027f04       ?WalkBack@iterator@UWMap4@FH4@@QEAAXXZ 0000000140028f04 f i libvcruntime:frame.obj
 0001:00027f50       ?WalkForward@UWMap4@FH4@@AEAAXPEAPEAE@Z 0000000140028f50 f i libvcruntime:frame.obj
 0001:00027f58       ?_CallMemberFunction1@@YAXQEAX00@Z 0000000140028f58 f i libvcruntime:frame.obj
 0001:00027f64       ?_CallMemberFunction2@@YAXQEAX00H@Z 0000000140028f64 f i libvcruntime:frame.obj
 0001:00027f94       ?begin@HandlerMap4@FH4@@QEAA?AViterator@12@XZ 0000000140028f94 f i libvcruntime:frame.obj
 0001:00027fa4       ?begin@HandlerMap@__FrameHandler3@@QEAA?AViterator@12@XZ 0000000140028fa4 f i libvcruntime:frame.obj
 0001:00027fb4       ?begin@UWMap4@FH4@@QEAA?AViterator@12@XZ 0000000140028fb4 f i libvcruntime:frame.obj
 0001:00027fc8       ?end@HandlerMap4@FH4@@QEAA?AViterator@12@XZ 0000000140028fc8 f i libvcruntime:frame.obj
 0001:00027fd8       ?end@HandlerMap@__FrameHandler3@@QEAA?AViterator@12@XZ 0000000140028fd8 f i libvcruntime:frame.obj
 0001:00027fe8       ?getESTypes@__FrameHandler3@@SAPEBU_s_ESTypeList@@PEBU_s_FuncInfo@@@Z 0000000140028fe8 f i libvcruntime:frame.obj
 0001:0002801c       ?getESTypes@__FrameHandler4@@SAPEBU_s_ESTypeList@@PEAUFuncInfo4@FH4@@@Z 000000014002901c f i libvcruntime:frame.obj
 0001:00028020       ?getLastEntry@HandlerMap4@FH4@@QEAAPEAUHandlerType4@2@XZ 0000000140029020 f i libvcruntime:frame.obj
 0001:00028084       ?getLastEntry@HandlerMap@__FrameHandler3@@QEAAPEBU_s_HandlerType@@XZ 0000000140029084 f i libvcruntime:frame.obj
 0001:0002809c       ?getMagicNum@__FrameHandler3@@SAIPEBU_s_FuncInfo@@@Z 000000014002909c f i libvcruntime:frame.obj
 0001:000280a8       ?getMagicNum@__FrameHandler4@@SAIPEAUFuncInfo4@FH4@@@Z 00000001400290a8 f i libvcruntime:frame.obj
 0001:000280b0       ?getNumTryBlocks@TryBlockMap4@FH4@@QEAAIXZ 00000001400290b0 f i libvcruntime:frame.obj
 0001:000280b4       ?getNumTryBlocks@TryBlockMap@__FrameHandler3@@QEAAIXZ 00000001400290b4 f i libvcruntime:frame.obj
 0001:000280bc       ?getStartStop@UWMap4@FH4@@QEAAXHHAEAViterator@12@0@Z 00000001400290bc f i libvcruntime:frame.obj
 0001:000281c0       ?getStateFromIterators@UWMap4@FH4@@SAHAEBViterator@12@H0H0@Z 00000001400291c0 f i libvcruntime:frame.obj
 0001:000282c0       ?isEHs@__FrameHandler3@@SA_NPEBU_s_FuncInfo@@@Z 00000001400292c0 f i libvcruntime:frame.obj
 0001:000282c8       ?isEHs@__FrameHandler4@@SA_NPEAUFuncInfo4@FH4@@@Z 00000001400292c8 f i libvcruntime:frame.obj
 0001:000282d4       ?isNoExcept@__FrameHandler3@@SA_NPEBU_s_FuncInfo@@@Z 00000001400292d4 f i libvcruntime:frame.obj
 0001:000282e0       ?isNoExcept@__FrameHandler4@@SA_NPEAUFuncInfo4@FH4@@@Z 00000001400292e0 f i libvcruntime:frame.obj
 0001:000282ec       ?reset@HandlerType4@FH4@@QEAAXXZ 00000001400292ec f i libvcruntime:frame.obj
 0001:00028308       ?resetBuffer@HandlerMap4@FH4@@QEAAXXZ 0000000140029308 f i libvcruntime:frame.obj
 0001:00028318       ?setBuffer@HandlerMap4@FH4@@QEAAXI@Z 0000000140029318 f i libvcruntime:frame.obj
 0001:00028360       ?what@exception@std@@UEBAPEBDXZ 0000000140029360 f i libvcruntime:frame.obj
 0001:00028378       __BuildCatchObject         0000000140029378 f   libvcruntime:frame.obj
 0001:00028380       __BuildCatchObjectHelper   0000000140029380 f   libvcruntime:frame.obj
 0001:00028388       __TypeMatch                0000000140029388 f   libvcruntime:frame.obj
 0001:00028390       __vcrt_EncodePointer       0000000140029390 f i libvcruntime:frame.obj
 0001:000283b0       _CallSettingFrame          00000001400293b0 f   libvcruntime:handlers.obj
 0001:00028400       _CallSettingFrame_LookupContinuationIndex 0000000140029400 f   libvcruntime:handlers.obj
 0001:00028430       _CallSettingFrame_NotifyContinuationAddr 0000000140029430 f   libvcruntime:handlers.obj
 0001:00028460       _CallSettingFrameEncoded   0000000140029460 f   libvcruntime:handlers.obj
 0001:000284e8       ??$?RD@__crt_public_free_policy@@QEBAXQEBD@Z 00000001400294e8 f i libvcruntime:std_exception.obj
 0001:000284f4       ??0?$__crt_unique_heap_ptr@DU__crt_public_free_policy@@@@QEAA@QEAD@Z 00000001400294f4 f i libvcruntime:std_exception.obj
 0001:000284fc       ??1?$__crt_unique_heap_ptr@DU__crt_public_free_policy@@@@QEAA@XZ 00000001400294fc f i libvcruntime:std_exception.obj
 0001:00028520       ??B?$__crt_unique_heap_ptr@DU__crt_public_free_policy@@@@QEBA_NXZ 0000000140029520 f i libvcruntime:std_exception.obj
 0001:0002852c       ?detach@?$__crt_unique_heap_ptr@DU__crt_public_free_policy@@@@QEAAPEADXZ 000000014002952c f i libvcruntime:std_exception.obj
 0001:00028538       ?get@?$__crt_unique_heap_ptr@DU__crt_public_free_policy@@@@QEBAPEADXZ 0000000140029538 f i libvcruntime:std_exception.obj
 0001:0002853c       ?is_valid@?$__crt_unique_heap_ptr@DU__crt_public_free_policy@@@@QEBA_NXZ 000000014002953c f i libvcruntime:std_exception.obj
 0001:00028548       ?release@?$__crt_unique_heap_ptr@DU__crt_public_free_policy@@@@QEAAXXZ 0000000140029548 f i libvcruntime:std_exception.obj
 0001:0002856c       __std_exception_copy       000000014002956c f   libvcruntime:std_exception.obj
 0001:0002861c       __std_exception_destroy    000000014002961c f   libvcruntime:std_exception.obj
 0001:0002864c       _CxxThrowException         000000014002964c f   libvcruntime:throw.obj
 0001:00028714       ??$?0AEBV?$stream_output_adapter@D@__crt_stdio_output@@AEB_KAEBQEBDAEBQEAU__crt_locale_pointers@@AEBQEAD@?$format_validation_base@DV?$stream_output_adapter@D@__crt_stdio_output@@@__crt_stdio_output@@IEAA@AEBV?$stream_output_adapter@D@1@AEB_KAEBQEBDAEBQEAU__crt_locale_pointers@@AEBQEAD@Z 0000000140029714 f i libucrt:output.obj
 0001:000287b8       ??$?0AEBV?$stream_output_adapter@D@__crt_stdio_output@@AEB_KAEBQEBDAEBQEAU__crt_locale_pointers@@AEBQEAD@?$positional_parameter_base@DV?$stream_output_adapter@D@__crt_stdio_output@@@__crt_stdio_output@@IEAA@AEBV?$stream_output_adapter@D@1@AEB_KAEBQEBDAEBQEAU__crt_locale_pointers@@AEBQEAD@Z 00000001400297b8 f i libucrt:output.obj
 0001:00028880       ??$?0AEBV?$stream_output_adapter@D@__crt_stdio_output@@AEB_KAEBQEBDAEBQEAU__crt_locale_pointers@@AEBQEAD@?$standard_base@DV?$stream_output_adapter@D@__crt_stdio_output@@@__crt_stdio_output@@IEAA@AEBV?$stream_output_adapter@D@1@AEB_KAEBQEBDAEBQEAU__crt_locale_pointers@@AEBQEAD@Z 0000000140029880 f i libucrt:output.obj
 0001:00028924       ??$?0AEBV?$stream_output_adapter@_W@__crt_stdio_output@@AEB_KAEBQEB_WAEBQEAU__crt_locale_pointers@@AEBQEAD@?$format_validation_base@_WV?$stream_output_adapter@_W@__crt_stdio_output@@@__crt_stdio_output@@IEAA@AEBV?$stream_output_adapter@_W@1@AEB_KAEBQEB_WAEBQEAU__crt_locale_pointers@@AEBQEAD@Z 0000000140029924 f i libucrt:output.obj
[...]
 0002:0001554c       $unwind$?write_double_translated_unicode_nolock@@YA?AUwrite_result@?A0x17268360@@QEBDI@Z 000000014008e54c     libucrt:write.obj
 0002:00015568       $unwind$?write_text_ansi_nolock@@YA?AUwrite_result@?A0x17268360@@HQEBDI@Z 000000014008e568     libucrt:write.obj
 0002:0001558c       $unwind$?write_text_utf16le_nolock@@YA?AUwrite_result@?A0x17268360@@HQEBDI@Z 000000014008e58c     libucrt:write.obj
 0002:000155b0       $unwind$?write_text_utf8_nolock@@YA?AUwrite_result@?A0x17268360@@HQEBDI@Z 000000014008e5b0     libucrt:write.obj
 0002:000155d8       $unwind$?write_binary_nolock@@YA?AUwrite_result@?A0x17268360@@HQEBDI@Z 000000014008e5d8     libucrt:write.obj
 0002:000155e8       $unwind$?__mbrtoc32_utf8@__crt_mbstring@@YA_KPEA_UPEBD_KPEAU_Mbstatet@@@Z 000000014008e5e8     libucrt:mbrtoc32.obj
 0002:00015608       $unwind$_controlfp_s       000000014008e608     libucrt:contrlfp.obj
 0002:00015610       $unwind$fegetenv           000000014008e610     libucrt:fegetenv.obj
 0002:00015618       $unwind$fesetenv           000000014008e618     libucrt:fesetenv.obj
 0002:00015620       $unwind$feholdexcept       000000014008e620     libucrt:feholdexcept.obj
 0002:00015628       $xdatasym                  000000014008e628     libucrt:log10.obj
 0002:00015638       $unwind$__acrt_fenv_set_control 000000014008e638     libucrt:_fenvutils.obj
 0002:0001564c       $unwind$?to_machine_sse_control@@YA?AW4__acrt_fenv_machine_sse_control@@W4__acrt_fenv_abstract_control@@@Z 000000014008e64c     libucrt:_fenvutils.obj
 0002:00015660       $unwind$?common_lseek_do_seek_nolock@@YAJQEAXJH@Z 000000014008e660     libucrt:lseek.obj
 0002:00015674       $unwind$?common_lseek_do_seek_nolock@@YA_JQEAX_JH@Z 000000014008e674     libucrt:lseek.obj
 0002:0001567c       $unwind$??$common_lseek@J@@YAJHJH@Z 000000014008e67c     libucrt:lseek.obj
 0002:000156b0       $unwind$?fin$0@?0???$common_lseek@J@@YAJHJH@Z@4HA 000000014008e6b0     libucrt:lseek.obj
 0002:000156b8       $unwind$??$common_lseek@_J@@YA_JH_JH@Z 000000014008e6b8     libucrt:lseek.obj
 0002:000156ec       $unwind$?fin$0@?0???$common_lseek@_J@@YA_JH_JH@Z@4HA 000000014008e6ec     libucrt:lseek.obj
 0002:000156f4       $unwind$??$common_lseek_nolock@J@@YAJHJH@Z 000000014008e6f4     libucrt:lseek.obj
 0002:0001570c       $unwind$??$common_lseek_nolock@_J@@YA_JH_JH@Z 000000014008e70c     libucrt:lseek.obj
 0002:00015720       $unwind$__acrt_stdio_allocate_buffer_nolock 000000014008e720     libucrt:_getbuf.obj
 0002:00015730       $unwind$fclose             000000014008e730     libucrt:fclose.obj
 0002:00015758       $unwind$fclose$fin$0       000000014008e758     libucrt:fclose.obj
 0002:00015760       $unwind$_fclose_nolock     000000014008e760     libucrt:fclose.obj
 0002:00015770       $xdatasym                  000000014008e770     libucrt:fpsr.obj
 0002:00015778       $unwind$mbstowcs_s         000000014008e778     libucrt:mbstowcs.obj
 0002:00015780       $unwind$_mbstowcs_s_l      000000014008e780     libucrt:mbstowcs.obj
 0002:0001579c       $unwind$?_mbstowcs_l_helper@@YA_KPEA_WPEBD_KPEAU__crt_locale_pointers@@@Z 000000014008e79c     libucrt:mbstowcs.obj
 0002:000157b8       $unwind$__acrt_CompareStringW 000000014008e7b8     libucrt:comparestringw.obj
 0002:000157d4       $unwind$_strnicmp          000000014008e7d4     libucrt:strnicmp.obj
 0002:000157dc       $unwind$_strnicmp_l        000000014008e7dc     libucrt:strnicmp.obj
 0002:000157f0       $unwind$__acrt_CompareStringA 000000014008e7f0     libucrt:comparestringa.obj
 0002:00015804       $unwind$?InternalCompareStringA@@YAHPEAU__crt_locale_pointers@@PEB_WKPEBDH2HH@Z 000000014008e804     libucrt:comparestringa.obj
 0002:0001582c       $unwind$_towlower_l        000000014008e82c     libucrt:towlower.obj
 0002:00015834       $unwind$_putwch            000000014008e834     libucrt:putwch.obj
 0002:0001583c       $unwind$_putwch_nolock     000000014008e83c     libucrt:putwch.obj
 0002:00015844       $unwind$??$__acrt_lock_and_call@V<lambda_9e0b6ab72a5b3ae37ad997d08b519f50>@@@@YAGW4__acrt_lock_id@@$$QEAV<lambda_9e0b6ab72a5b3ae37ad997d08b519f50>@@@Z 000000014008e844     libucrt:putwch.obj
 0002:0001584c       $unwind$??$?RV<lambda_0384895ae1aa6ccbfe369a30d6ca2ef7>@@AEAV<lambda_9e0b6ab72a5b3ae37ad997d08b519f50>@@V<lambda_7e22f70504d73c22058e5832bde5914f>@@@?$__crt_seh_guarded_call@G@@QEAAG$$QEAV<lambda_0384895ae1aa6ccbfe369a30d6ca2ef7>@@AEAV<lambda_9e0b6ab72a5b3ae37ad997d08b519f50>@@$$QEAV<lambda_7e22f70504d73c22058e5832bde5914f>@@@Z 000000014008e84c     libucrt:putwch.obj
 0002:00015874       $unwind$?fin$0@?0???$?RV<lambda_0384895ae1aa6ccbfe369a30d6ca2ef7>@@AEAV<lambda_9e0b6ab72a5b3ae37ad997d08b519f50>@@V<lambda_7e22f70504d73c22058e5832bde5914f>@@@?$__crt_seh_guarded_call@G@@QEAAG$$QEAV<lambda_0384895ae1aa6ccbfe369a30d6ca2ef7>@@AEAV<lambda_9e0b6ab72a5b3ae37ad997d08b519f50>@@$$QEAV<lambda_7e22f70504d73c22058e5832bde5914f>@@@Z@4HA 000000014008e874     libucrt:putwch.obj
 0002:0001587c       $unwind$_read              000000014008e87c     libucrt:read.obj
 0002:000158b0       $unwind$_read$fin$0        000000014008e8b0     libucrt:read.obj
 0002:000158b8       $unwind$_read_nolock       000000014008e8b8     libucrt:read.obj
 0002:000158d4       $unwind$?translate_utf16_from_console_nolock@@YAHHQEA_W_K@Z 000000014008e8d4     libucrt:read.obj
 0002:000158dc       $unwind$?translate_ansi_or_utf8_nolock@@YAHHQEAD_KQEA_W1@Z 000000014008e8dc     libucrt:read.obj
 0002:000158f8       $unwind$??$translate_text_mode_nolock@D@@YAHHQEAD_K@Z 000000014008e8f8     libucrt:read.obj
 0002:00015914       $unwind$??$translate_text_mode_nolock@_W@@YAHHQEA_W_K@Z 000000014008e914     libucrt:read.obj
 0002:00015930       $unwind$_clearfp           000000014008e930     libucrt:ieee.obj
 0002:00015938       $unwind$_set_controlfp     000000014008e938     libucrt:ieee.obj
 0002:00015940       $unwind$common_control87   000000014008e940     libucrt:ieee.obj
 0002:00015970       $unwind$common_control87$filt$0 000000014008e970     libucrt:ieee.obj
 0002:00015978       $unwind$__acrt_initialize_fma3 000000014008e978     libucrt:fma3_available.obj
 0002:00015980       $unwind$_logf_special_common 000000014008e980     libucrt:log_special.obj
 0002:00015990       $unwind$_logf_special      000000014008e990     libucrt:log_special.obj
 0002:00015998       $unwind$_log10f_special    000000014008e998     libucrt:log_special.obj
 0002:000159a0       $unwind$_log_special_common 000000014008e9a0     libucrt:log_special.obj
 0002:000159b0       $unwind$_log_special       000000014008e9b0     libucrt:log_special.obj
 0002:000159b8       $unwind$_log10_special     000000014008e9b8     libucrt:log_special.obj
 0002:000159c0       $unwind$_close             000000014008e9c0     libucrt:close.obj
 0002:000159c8       $unwind$_close_nolock      000000014008e9c8     libucrt:close.obj
 0002:000159d8       $unwind$?close_os_handle_nolock@@YAKH@Z 000000014008e9d8     libucrt:close.obj
 0002:000159e8       $unwind$??R<lambda_628dfdc04ba53c8bfc02c9951375f3f5>@@QEBAHXZ 000000014008e9e8     libucrt:close.obj
 0002:000159f0       $unwind$??$__acrt_lowio_lock_fh_and_call@V<lambda_628dfdc04ba53c8bfc02c9951375f3f5>@@@@YAHH$$QEAV<lambda_628dfdc04ba53c8bfc02c9951375f3f5>@@@Z 000000014008e9f0     libucrt:close.obj
 0002:000159f8       $unwind$??$?RV<lambda_751a882b2c74d4b022dec766aa51a29a>@@AEAV<lambda_628dfdc04ba53c8bfc02c9951375f3f5>@@V<lambda_f6c7be5f7998530c34de24c7437d6b54>@@@?$__crt_seh_guarded_call@H@@QEAAH$$QEAV<lambda_751a882b2c74d4b022dec766aa51a29a>@@AEAV<lambda_628dfdc04ba53c8bfc02c9951375f3f5>@@$$QEAV<lambda_f6c7be5f7998530c34de24c7437d6b54>@@@Z 000000014008e9f8     libucrt:close.obj
 0002:00015a20       $unwind$?fin$0@?0???$?RV<lambda_751a882b2c74d4b022dec766aa51a29a>@@AEAV<lambda_628dfdc04ba53c8bfc02c9951375f3f5>@@V<lambda_f6c7be5f7998530c34de24c7437d6b54>@@@?$__crt_seh_guarded_call@H@@QEAAH$$QEAV<lambda_751a882b2c74d4b022dec766aa51a29a>@@AEAV<lambda_628dfdc04ba53c8bfc02c9951375f3f5>@@$$QEAV<lambda_f6c7be5f7998530c34de24c7437d6b54>@@@Z@4HA 000000014008ea20     libucrt:close.obj
 0002:00015a28       $unwind$?__acrt_stdio_allocate_stream@@YA?AV__crt_stdio_stream@@XZ 000000014008ea28     libucrt:stream.obj
 0002:00015a4c       $unwind$?fin$0@?0??__acrt_stdio_allocate_stream@@YA?AV__crt_stdio_stream@@XZ@4HA 000000014008ea4c     libucrt:stream.obj
 0002:00015a54       $unwind$?find_or_allocate_unused_stream_nolock@@YA?AV__crt_stdio_stream@@XZ 000000014008ea54     libucrt:stream.obj
 0002:00015a6c       $unwind$??1?$__crt_unique_heap_ptr@U__crt_stdio_stream_data@@U__crt_internal_free_policy@@@@QEAA@XZ 000000014008ea6c     libucrt:stream.obj
 0002:00015a74       $unwind$?release@?$__crt_unique_heap_ptr@U__crt_stdio_stream_data@@U__crt_internal_free_policy@@@@QEAAXXZ 000000014008ea74     libucrt:stream.obj
 0002:00015a7c       $unwind$__acrt_LCMapStringW 000000014008ea7c     libucrt:lcmapstringw.obj
 0002:00015a94       $unwind$__dcrt_lowio_ensure_console_output_initialized 000000014008ea94     libucrt:initcon.obj
 0002:00015a9c       $unwind$__dcrt_write_console 000000014008ea9c     libucrt:initcon.obj
 0002:00015ab4       $unwind$?__dcrt_lowio_initialize_console_output@@YAXXZ 000000014008eab4     libucrt:initcon.obj
 0002:00015abc       $unwind$__dcrt_terminate_console_output 000000014008eabc     libucrt:initcon.obj
 0002:00015ac4       $unwind$??R<lambda_61c1b8a38cedca4df5fdc542e6ccae6d>@@QEBAHXZ 000000014008eac4     libucrt:initcon.obj
 0002:00015acc       $unwind$??$console_output_reopen_and_retry@V<lambda_61c1b8a38cedca4df5fdc542e6ccae6d>@@@@YAHAEBV<lambda_61c1b8a38cedca4df5fdc542e6ccae6d>@@@Z 000000014008eacc     libucrt:initcon.obj
 0002:00015adc       $unwind$_IsNonwritableInCurrentImage 000000014008eadc     LIBCMT:pesect.obj
 0002:00015b04       $unwind$_IsNonwritableInCurrentImage$filt$0 000000014008eb04     LIBCMT:pesect.obj
 0002:00015b0c       $unwind$??_Gtype_info@@UEAAPEAXI@Z 000000014008eb0c     LIBCMT:std_type_info_static.obj
 0002:00015b14       $unwind$__GSHandlerCheck_SEH 000000014008eb14     LIBCMT:gshandlerseh.obj
 0002:00015b30       $xdatasym                  000000014008eb30     LIBCMT:chkstk.obj
 0002:00015b38       $unwind$strrchr            000000014008eb38     libvcruntime:strrchr.obj
 0002:00015b40       $unwind$_local_unwind      000000014008eb40     libvcruntime:jmpuwind.obj
 0003:00000000       ?u32_MAX@@3IA              0000000140090000     site.obj
 0003:00000004       ?f32_pi@@3MA               0000000140090004     site.obj
 0003:00000008       ?f32_pi_inv@@3MA           0000000140090008     site.obj
 0003:0000000c       ?f32_tau@@3MA              000000014009000c     site.obj
 0003:00000010       ?f64_pi@@3NA               0000000140090010     site.obj
 0003:00000018       ?f64_pi_inv@@3NA           0000000140090018     site.obj
 0003:00000020       ?f64_tau@@3NA              0000000140090020     site.obj
 0003:00000030       ?signsym@?1??Prn8_integer_custom@@YAXPEAUlcf_str8PrintContext@@Tinteger64@@GGG@Z@4PADA 0000000140090030     site.obj
 0003:00000038       ?decimal@?1??Prn8_integer_custom@@YAXPEAUlcf_str8PrintContext@@Tinteger64@@GGG@Z@4PADA 0000000140090038     site.obj
 0003:00000048       ?hex@?1??Prn8_integer_custom@@YAXPEAUlcf_str8PrintContext@@Tinteger64@@GGG@Z@4PADA 0000000140090048     site.obj
 0003:00000060       ?hexu@?1??Prn8_integer_custom@@YAXPEAUlcf_str8PrintContext@@Tinteger64@@GGG@Z@4PADA 0000000140090060     site.obj
 0003:00000078       ?base@?1??Prn8_integer_custom@@YAXPEAUlcf_str8PrintContext@@Tinteger64@@GGG@Z@4PA_KA 0000000140090078     site.obj
 0003:000000a0       ?base_bits_per_char@?1??Prn8_integer_custom@@YAXPEAUlcf_str8PrintContext@@Tinteger64@@GGG@Z@4PA_KA 00000001400900a0     site.obj
 0003:00000110       ?__vcrt_flsindex@@3KA      0000000140090110     libvcruntime:per_thread_data.obj
 0003:00000118       ?prefix@?1??getDimension@UnDecorator@@CA?AVDName@@_N@Z@4UStringLiteral@@A 0000000140090118     libvcruntime:undname.obj
 0003:00000130       _ctype_loc_style           0000000140090130     libucrt:wsetlocale.obj
 0003:00000140       ?errno_no_memory@@3HA      0000000140090140     libucrt:errno.obj
 0003:00000144       ?doserrno_no_memory@@3KA   0000000140090144     libucrt:errno.obj
 0003:00000148       ?__acrt_flsindex@@3KA      0000000140090148     libucrt:per_thread_data.obj
 0003:00000750       _mbctypes                  0000000140090750     libucrt:mbctype.obj
 0003:00000890       _mbcasemaps                0000000140090890     libucrt:mbctype.obj
 0003:000009c4       ?__rgctypeflag@@3PADA      00000001400909c4     libucrt:mbctype.obj
 0003:000009d0       ?__rgcode_page_info@@3PAUcode_page_info@@A 00000001400909d0     libucrt:mbctype.obj
 0003:00000be0       ?dazSupported@?1??_ctrlfp@@9@9 0000000140090be0     libucrt:fpctrl.obj
 0003:00000d23       ?dazSupported@?1??common_control87@@9@9 0000000140090d23     libucrt:ieee.obj
 0003:00000d30       ?__dcrt_lowio_console_output_handle@@3PEAXEA 0000000140090d30     libucrt:initcon.obj
 0003:00001250       ?str8_NEWLINE@@3Ustr8@@A   0000000140091250     site.obj
 0003:00001260       ?Win32_got_sys_info@@3IA   0000000140091260     site.obj
 0003:00001268       ?Win32_sys_info@@3U_SYSTEM_INFO@@A 0000000140091268     site.obj
 0003:00001298       ?win32_PerfFreq@@3_JA      0000000140091298     site.obj
 0003:000012d0       GS_ExceptionRecord         00000001400912d0     LIBCMT:gs_report.obj
 0003:00001370       GS_ContextRecord           0000000140091370     LIBCMT:gs_report.obj
 0003:00001968       ?is_initialized_as_dll@@3_NA 0000000140091968     LIBCMT:utility.obj
 0003:00001969       ?module_local_atexit_table_initialized@@3_NA 0000000140091969     LIBCMT:utility.obj
 0003:00001970       ?module_local_atexit_table@@3U_onexit_table_t@@A 0000000140091970     LIBCMT:utility.obj
 0003:00001988       ?module_local_at_quick_exit_table@@3U_onexit_table_t@@A 0000000140091988     LIBCMT:utility.obj
 0003:000019f0       ?__vcrt_startup_thread_ptd@@3U__vcrt_ptd@@A 00000001400919f0     libvcruntime:per_thread_data.obj
 0003:00001a90       __vcrt_lock_table          0000000140091a90     libvcruntime:locks.obj
 0003:00001ab8       __vcrt_locks_initialized   0000000140091ab8     libvcruntime:locks.obj
 0003:00001b08       ?heap@@3V_HeapManager@@A   0000000140091b08     libvcruntime:undname.obj
 0003:00001b48       ?module_handles@@3PAPEAUHINSTANCE__@@A 0000000140091b48     libvcruntime:winapi_downlevel.obj
 0003:00001b60       ?function_pointers@@3PAPEAXA 0000000140091b60     libvcruntime:winapi_downlevel.obj
 0003:00001ba4       ?__acrt_app_type@@3W4_crt_app_type@@A 0000000140091ba4     libucrt:report_runtime_error.obj
 0003:00001bb0       ?outmsg@?9??__acrt_report_runtime_error@@9@4PA_WA 0000000140091bb0     libucrt:report_runtime_error.obj
 0003:00002318       ?user_matherr@@3V?$dual_state_global@P6AHPEAU_exception@@@Z@__crt_state_management@@A 0000000140092318     libucrt:matherr.obj
 0003:00002330       ?program_name@?1???$common_configure_argv@D@@YAHW4_crt_argv_mode@@@Z@4PADA 0000000140092330     libucrt:argv_parsing.obj
 0003:00002470       ?program_name@?1???$common_configure_argv@_W@@YAHW4_crt_argv_mode@@@Z@4PA_WA 0000000140092470     libucrt:argv_parsing.obj
 0003:0000271c       ?c_termination_complete@@3JA 000000014009271c     libucrt:exit.obj
 0003:00002720       ?thread_local_exit_callback_func@@3P6AXPEAXK0@ZEA 0000000140092720     libucrt:exit.obj
 0003:00002790       ?__acrt_global_new_mode@@3V?$dual_state_global@J@__crt_state_management@@A 0000000140092790     libucrt:new_mode.obj
 0003:000027d8       ?__acrt_invalid_parameter_handler@@3V?$dual_state_global@P6AXPEB_W00I_K@Z@__crt_state_management@@A 00000001400927d8     libucrt:invalid_parameter.obj
 0003:000027e8       ?internal_state@?1??_mbtowc_l@@9@4U_Mbstatet@@A 00000001400927e8     libucrt:mbtowc.obj
 0003:00002810       ?enable_percent_n@@3_KA    0000000140092810     libucrt:printf_count_output.obj
 0003:00002d20       __acrt_error_mode          0000000140092d20     libucrt:set_error_mode.obj
 0003:00002d40       ?fSystemSet@@3HA           0000000140092d40     libucrt:mbctype.obj
 0003:00002d49       ?initialized@?1??__acrt_initialize_multibyte@@9@4_NA 0000000140092d49     libucrt:mbctype.obj
 0003:00002d50       ?__acrt_lock_table@@3PAU_RTL_CRITICAL_SECTION@@A 0000000140092d50     libucrt:locks.obj
 0003:00002f80       ?__acrt_locks_initialized@@3IA 0000000140092f80     libucrt:locks.obj
 0003:00002ff4       ?state_cache@?1???$get_cached_win_policy@Ubegin_thread_init_policy_properties@?1??__acrt_get_begin_thread_init_policy@@YA?AW4begin_thread_init_policy@@XZ@@@YA?AW4begin_thread_init_policy@@W4AppPolicyThreadInitializationType@@@Z@4JA 0000000140092ff4     libucrt:win_policies.obj
 0003:00002ff8       ?state_cache@?1???$get_cached_win_policy@Udeveloper_information_policy_properties@?1??__acrt_get_developer_information_policy@@YA?AW4developer_information_policy@@XZ@@@YA?AW4developer_information_policy@@W4AppPolicyShowDeveloperDiagnostic@@@Z@4JA 0000000140092ff8     libucrt:win_policies.obj
 0003:00002ffc       ?state_cache@?1???$get_cached_win_policy@Uwindowing_model_policy_properties@?1??__acrt_get_windowing_model_policy@@YA?AW4windowing_model_policy@@XZ@@@YA?AW4windowing_model_policy@@W4AppPolicyWindowingModel@@@Z@4JA 0000000140092ffc     libucrt:win_policies.obj
 0003:00003010       ?module_handles@@3PAPEAUHINSTANCE__@@A 0000000140093010     libucrt:winapi_thunks.obj
 0003:000030b0       ?encoded_function_pointers@@3PAPEAXA 00000001400930b0     libucrt:winapi_thunks.obj
 0003:00003218       ?static_enum_proc@?1??enum_system_locales_ex_nolock@@YAHQ6AHPEA_WK_J@Z@Z@4P6AH0K1@ZEA 0000000140093218     libucrt:winapi_thunks.obj
 0003:00003238       ?__acrt_new_handler@@3V?$dual_state_global@P6AH_K@Z@__crt_state_management@@A 0000000140093238     libucrt:new_handler.obj
 0003:00003241       ?console_ctrl_handler_installed@@3_NA 0000000140093241     libucrt:signal.obj
 0003:00003248       ?ctrlc_action@@3V?$dual_state_global@P6AXH@Z@__crt_state_management@@A 0000000140093248     libucrt:signal.obj
 0003:00003250       ?ctrlbreak_action@@3V?$dual_state_global@P6AXH@Z@__crt_state_management@@A 0000000140093250     libucrt:signal.obj
 0003:00003258       ?abort_action@@3V?$dual_state_global@P6AXH@Z@__crt_state_management@@A 0000000140093258     libucrt:signal.obj
 0003:00003260       ?term_action@@3V?$dual_state_global@P6AXH@Z@__crt_state_management@@A 0000000140093260     libucrt:signal.obj
 0003:00003270       ?mbst@?1??mbrlen@@9@4U_Mbstatet@@A 0000000140093270     libucrt:mbrtowc.obj
 0003:00003280       ?mbst@?1??mbrtowc@@9@4U_Mbstatet@@A 0000000140093280     libucrt:mbrtowc.obj
 0003:00003290       ?mbst@?1??_mbsrtowcs_helper@@YA_KPEA_WPEAPEBD_KPEAU_Mbstatet@@@Z@4U2@A 0000000140093290     libucrt:mbrtowc.obj
 0003:000032a0       ?internal_pst@?1??__mbrtoc32_utf8@__crt_mbstring@@YA_KPEA_UPEBD_KPEAU_Mbstatet@@@Z@4U3@A 00000001400932a0     libucrt:mbrtoc32.obj
 0005:00000898       .idata$6                   000000014009a898     Shlwapi:SHLWAPI.dll
 0005:00000ad0       .idata$6                   000000014009aad0     kernel32:KERNEL32.dll
 0007:00000000       SetSmall                   000000014009d000     libvcruntime:memset.obj
 0007:00000040       SetSmallYmm                000000014009d040     libvcruntime:memset.obj
 0007:00000064       SetSmallYmmNT              000000014009d064     libvcruntime:memset.obj
 0007:00000088       SetSmallXmm                000000014009d088     libvcruntime:memset.obj
 0007:000000d0       MoveSmall                  000000014009d0d0     libvcruntime:memcpy.obj
 0007:00000110       MoveSmallYmm               000000014009d110     libvcruntime:memcpy.obj
 0007:00000134       MoveSmallYmmNT             000000014009d134     libvcruntime:memcpy.obj
 0007:00000158       MoveSmallXmm               000000014009d158     libvcruntime:memcpy.obj
